Archive member included to satisfy reference by file (symbol)

contiki-sm14z2538pa1.a(leds.o)
                              udp-unicast.co (leds_on)
contiki-sm14z2538pa1.a(leds-arch.o)
                              contiki-sm14z2538pa1.a(leds.o) (leds_arch_init)
contiki-sm14z2538pa1.a(contiki-main.o)
                              obj_sm14z2538pa1/startup-gcc.o (main)
contiki-sm14z2538pa1.a(sensors.o)
                              contiki-sm14z2538pa1.a(contiki-main.o) (sensors_process)
contiki-sm14z2538pa1.a(smartrf-sensors)
                              contiki-sm14z2538pa1.a(sensors.o) (sensors_flags)
contiki-sm14z2538pa1.a(button-sensor.o)
                              contiki-sm14z2538pa1.a(contiki-main.o) (button_sensor_init)
contiki-sm14z2538pa1.a(als-sensor.o)
                              contiki-sm14z2538pa1.a(smartrf-sensors) (als_sensor)
contiki-sm14z2538pa1.a(clock.o)
                              contiki-sm14z2538pa1.a(contiki-main.o) (clock_init)
contiki-sm14z2538pa1.a(rtimer-arch.o)
                              contiki-sm14z2538pa1.a(clock.o) (rtimer_arch_now)
contiki-sm14z2538pa1.a(uart.o)
                              contiki-sm14z2538pa1.a(contiki-main.o) (uart_init)
contiki-sm14z2538pa1.a(watchdog.o)
                              contiki-sm14z2538pa1.a(contiki-main.o) (watchdog_init)
contiki-sm14z2538pa1.a(nvic.o)
                              contiki-sm14z2538pa1.a(contiki-main.o) (nvic_init)
contiki-sm14z2538pa1.a(cpu.o)
                              contiki-sm14z2538pa1.a(contiki-main.o) (cpu_cpsie)
contiki-sm14z2538pa1.a(sys-ctrl.o)
                              contiki-sm14z2538pa1.a(contiki-main.o) (sys_ctrl_init)
contiki-sm14z2538pa1.a(gpio.o)
                              contiki-sm14z2538pa1.a(button-sensor.o) (gpio_register_callback)
contiki-sm14z2538pa1.a(ioc.o)
                              contiki-sm14z2538pa1.a(contiki-main.o) (ioc_init)
contiki-sm14z2538pa1.a(adc.o)
                              contiki-sm14z2538pa1.a(contiki-main.o) (adc_init)
contiki-sm14z2538pa1.a(crypto.o)
                              obj_sm14z2538pa1/startup-gcc.o (crypto_isr)
contiki-sm14z2538pa1.a(cc2538-rf.o)
                              obj_sm14z2538pa1/startup-gcc.o (cc2538_rf_rx_tx_isr)
contiki-sm14z2538pa1.a(udma.o)
                              contiki-sm14z2538pa1.a(contiki-main.o) (udma_init)
contiki-sm14z2538pa1.a(lpm.o)
                              contiki-sm14z2538pa1.a(rtimer-arch.o) (lpm_exit)
contiki-sm14z2538pa1.a(dbg.o)
                              udp-unicast.co (puts)
contiki-sm14z2538pa1.a(ieee-addr.o)
                              contiki-sm14z2538pa1.a(contiki-main.o) (ieee_addr_cpy_to)
contiki-sm14z2538pa1.a(cc2538-temp-sen)
                              contiki-sm14z2538pa1.a(smartrf-sensors) (cc2538_temp_sensor)
contiki-sm14z2538pa1.a(vdd3-sensor.o)
                              contiki-sm14z2538pa1.a(smartrf-sensors) (vdd3_sensor)
contiki-sm14z2538pa1.a(dbg-printf.o)
                              udp-unicast.co (printf)
contiki-sm14z2538pa1.a(strformat.o)
                              contiki-sm14z2538pa1.a(dbg-printf.o) (format_str_v)
contiki-sm14z2538pa1.a(autostart.o)
                              contiki-sm14z2538pa1.a(contiki-main.o) (autostart_start)
contiki-sm14z2538pa1.a(ctimer.o)
                              contiki-sm14z2538pa1.a(contiki-main.o) (ctimer_init)
contiki-sm14z2538pa1.a(energest.o)
                              contiki-sm14z2538pa1.a(contiki-main.o) (energest_init)
contiki-sm14z2538pa1.a(etimer.o)
                              contiki-sm14z2538pa1.a(clock.o) (etimer_request_poll)
contiki-sm14z2538pa1.a(process.o)
                              contiki-sm14z2538pa1.a(sensors.o) (process_alloc_event)
contiki-sm14z2538pa1.a(rtimer.o)
                              contiki-sm14z2538pa1.a(contiki-main.o) (rtimer_init)
contiki-sm14z2538pa1.a(timer.o)
                              contiki-sm14z2538pa1.a(button-sensor.o) (timer_set)
contiki-sm14z2538pa1.a(serial-line.o)
                              contiki-sm14z2538pa1.a(contiki-main.o) (serial_line_input_byte)
contiki-sm14z2538pa1.a(list.o)
                              contiki-sm14z2538pa1.a(ctimer.o) (list_init)
contiki-sm14z2538pa1.a(random.o)
                              contiki-sm14z2538pa1.a(contiki-main.o) (random_init)
contiki-sm14z2538pa1.a(ringbuf.o)
                              contiki-sm14z2538pa1.a(serial-line.o) (ringbuf_init)
contiki-sm14z2538pa1.a(uip-ds6-route.o)
                              udp-unicast.co (uip_ds6_notification_add)
contiki-sm14z2538pa1.a(uip6.o)
                              contiki-sm14z2538pa1.a(contiki-main.o) (uip_lladdr)
contiki-sm14z2538pa1.a(uip-ds6-nbr.o)
                              contiki-sm14z2538pa1.a(uip-ds6-route.o) (uip_ds6_nbr_lookup)
contiki-sm14z2538pa1.a(uip-nd6.o)
                              contiki-sm14z2538pa1.a(uip-ds6-nbr.o) (uip_nd6_ns_output)
contiki-sm14z2538pa1.a(sicslowpan.o)
[...]
Memory Configuration

Name             Origin             Length             Attributes
FLASH            0x0000000000200000 0x000000000007ffd4 xr
FLASH_CCA        0x000000000027ffd4 0x000000000000002c xr
SRAM             0x0000000020000000 0x0000000000008000 xrw
*default*        0x0000000000000000 0xffffffffffffffff

Linker script and memory map

LOAD obj_sm14z2538pa1/startup-gcc.o
LOAD udp-unicast.co
LOAD contiki-sm14z2538pa1.a
START GROUP
LOAD /usr/lib/gcc/arm-none-eabi/6.3.1/thumb/v7-m/libgcc.a
LOAD /usr/lib/gcc/arm-none-eabi/6.3.1/../../../arm-none-eabi/lib/thumb/v7-m/libc.a
END GROUP

.text           0x0000000000200000     0xa7f2
                0x0000000000200000                _text = .
 *(SORT(.vectors))
 .vectors       0x0000000000200000      0x28c obj_sm14z2538pa1/startup-gcc.o
                0x0000000000200000                vectors
 *(SORT(.text*))
 .text.reset_handler
                0x000000000020028c       0x40 obj_sm14z2538pa1/startup-gcc.o
                0x000000000020028c                reset_handler
 .text.receiver
                0x00000000002002cc       0x18 udp-unicast.co
 .text.process_thread_unicast_example_process
                0x00000000002002e4       0xc0 udp-unicast.co
 .text.route_callback
                0x00000000002003a4       0x1c udp-unicast.co
 .text.leds_init
                0x00000000002003c0       0x14 contiki-sm14z2538pa1.a(leds.o)
                0x00000000002003c0                leds_init
 .text.leds_on  0x00000000002003d4       0x10 contiki-sm14z2538pa1.a(leds.o)
                0x00000000002003d4                leds_on
 .text.leds_off
                0x00000000002003e4       0x14 contiki-sm14z2538pa1.a(leds.o)
                0x00000000002003e4                leds_off
 .text.leds_arch_init
                0x00000000002003f8       0x10 contiki-sm14z2538pa1.a(leds-arch.o)
                0x00000000002003f8                leds_arch_init
 .text.leds_arch_set
                0x0000000000200408        0xc contiki-sm14z2538pa1.a(leds-arch.o)
                0x0000000000200408                leds_arch_set
 .text.startup.main
                0x0000000000200414      0x1e4 contiki-sm14z2538pa1.a(contiki-main.o)
                0x0000000000200414                main
 .text.process_thread_sensors_process
                0x00000000002005f8       0xd8 contiki-sm14z2538pa1.a(sensors.o)
 .text.sensors_changed
                0x00000000002006d0       0x3c contiki-sm14z2538pa1.a(sensors.o)
                0x00000000002006d0                sensors_changed
 .text.config_select
                0x000000000020070c       0x30 contiki-sm14z2538pa1.a(button-sensor.o)
 .text.config_left
                0x000000000020073c       0x30 contiki-sm14z2538pa1.a(button-sensor.o)
 .text.config_right
                0x000000000020076c       0x30 contiki-sm14z2538pa1.a(button-sensor.o)
 .text.config_up
                0x000000000020079c       0x30 contiki-sm14z2538pa1.a(button-sensor.o)
 .text.config_down
                0x00000000002007cc       0x30 contiki-sm14z2538pa1.a(button-sensor.o)
 .text.btn_callback
                0x00000000002007fc       0x64 contiki-sm14z2538pa1.a(button-sensor.o)
 .text.button_sensor_init
                0x0000000000200860        0xc contiki-sm14z2538pa1.a(button-sensor.o)
                0x0000000000200860                button_sensor_init
 .text.value    0x000000000020086c       0x24 contiki-sm14z2538pa1.a(als-sensor.o)
 .text.configure
                0x0000000000200890       0x54 contiki-sm14z2538pa1.a(als-sensor.o)
 .text.update_ticks
                0x00000000002008e4       0x4c contiki-sm14z2538pa1.a(clock.o)
 .text.clock_init
                0x0000000000200930       0x50 contiki-sm14z2538pa1.a(clock.o)
                0x0000000000200930                clock_init
 .text.clock_time
                0x0000000000200980       0x14 contiki-sm14z2538pa1.a(clock.o)
                0x0000000000200980                clock_time
 .text.clock_seconds
                0x0000000000200994       0x14 contiki-sm14z2538pa1.a(clock.o)
                0x0000000000200994                clock_seconds
 .text.clock_delay_usec
                0x00000000002009a8       0x1c contiki-sm14z2538pa1.a(clock.o)
                0x00000000002009a8                clock_delay_usec
 .text.clock_adjust
                0x00000000002009c4       0x20 contiki-sm14z2538pa1.a(clock.o)
                0x00000000002009c4                clock_adjust
 .text.rtimer_arch_next_trigger
                0x00000000002009e4        0xc contiki-sm14z2538pa1.a(rtimer-arch.o)
                0x00000000002009e4                rtimer_arch_next_trigger
 .text.rtimer_arch_now
                0x00000000002009f0       0x24 contiki-sm14z2538pa1.a(rtimer-arch.o)
                0x00000000002009f0                rtimer_arch_now
 .text.rtimer_arch_schedule
                0x0000000000200a14       0x58 contiki-sm14z2538pa1.a(rtimer-arch.o)
                0x0000000000200a14                rtimer_arch_schedule
 .text.rtimer_isr
                0x0000000000200a6c       0x24 contiki-sm14z2538pa1.a(rtimer-arch.o)
                0x0000000000200a6c                rtimer_isr
 .text.permit_pm1
                0x0000000000200a90       0x30 contiki-sm14z2538pa1.a(uart.o)
 .text.uart_isr
                0x0000000000200ac0       0x60 contiki-sm14z2538pa1.a(uart.o)
 .text.uart_init
                0x0000000000200b20      0x18c contiki-sm14z2538pa1.a(uart.o)
                0x0000000000200b20                uart_init
 .text.uart_set_input
                0x0000000000200cac       0x10 contiki-sm14z2538pa1.a(uart.o)
                0x0000000000200cac                uart_set_input
 .text.uart_write_byte
                0x0000000000200cbc       0x1c contiki-sm14z2538pa1.a(uart.o)
                0x0000000000200cbc                uart_write_byte
 .text.watchdog_init
                0x0000000000200cd8        0xc contiki-sm14z2538pa1.a(watchdog.o)
                0x0000000000200cd8                watchdog_init
 .text.watchdog_start
                0x0000000000200ce4        0xc contiki-sm14z2538pa1.a(watchdog.o)
                0x0000000000200ce4                watchdog_start
 .text.watchdog_periodic
                0x0000000000200cf0       0x10 contiki-sm14z2538pa1.a(watchdog.o)
                0x0000000000200cf0                watchdog_periodic
 .text.nvic_init
                0x0000000000200d00       0x3c contiki-sm14z2538pa1.a(nvic.o)
                0x0000000000200d00                nvic_init
 .text.nvic_interrupt_enable
                0x0000000000200d3c       0x1c contiki-sm14z2538pa1.a(nvic.o)
                0x0000000000200d3c                nvic_interrupt_enable
 .text.nvic_interrupt_disable
                0x0000000000200d58       0x1c contiki-sm14z2538pa1.a(nvic.o)
                0x0000000000200d58                nvic_interrupt_disable
 .text.nvic_interrupt_unpend
                0x0000000000200d74       0x1c contiki-sm14z2538pa1.a(nvic.o)
                0x0000000000200d74                nvic_interrupt_unpend
 .text.sys_ctrl_init
                0x0000000000200d90       0x28 contiki-sm14z2538pa1.a(sys-ctrl.o)
                0x0000000000200d90                sys_ctrl_init
 .text.gpio_register_callback
                0x0000000000200db8       0x10 contiki-sm14z2538pa1.a(gpio.o)
                0x0000000000200db8                gpio_register_callback
 .text.notify   0x0000000000200dc8       0x30 contiki-sm14z2538pa1.a(gpio.o)
                0x0000000000200dc8                notify
 .text.gpio_port_isr
                0x0000000000200df8       0x50 contiki-sm14z2538pa1.a(gpio.o)
 .text.gpio_init
                0x0000000000200e48       0x10 contiki-sm14z2538pa1.a(gpio.o)
                0x0000000000200e48                gpio_init
 .text.ioc_init
                0x0000000000200e58       0x1c contiki-sm14z2538pa1.a(ioc.o)
                0x0000000000200e58                ioc_init
 .text.ioc_set_over
                0x0000000000200e74       0x14 contiki-sm14z2538pa1.a(ioc.o)
                0x0000000000200e74                ioc_set_over
 .text.ioc_set_sel
                0x0000000000200e88       0x14 contiki-sm14z2538pa1.a(ioc.o)
                0x0000000000200e88                ioc_set_sel
 .text.adc_init
                0x0000000000200e9c       0x10 contiki-sm14z2538pa1.a(adc.o)
                0x0000000000200e9c                adc_init
 .text.adc_get  0x0000000000200eac       0x74 contiki-sm14z2538pa1.a(adc.o)
                0x0000000000200eac                adc_get
 .text.crypto_isr
                0x0000000000200f20       0x24 contiki-sm14z2538pa1.a(crypto.o)
                0x0000000000200f20                crypto_isr
 .text.on       0x0000000000200f44       0x2c contiki-sm14z2538pa1.a(cc2538-rf.o)
 .text.off      0x0000000000200f70       0x38 contiki-sm14z2538pa1.a(cc2538-rf.o)
 .text.set_channel
                0x0000000000200fa8       0x48 contiki-sm14z2538pa1.a(cc2538-rf.o)
 .text.channel_clear
                0x0000000000200ff0       0x3c contiki-sm14z2538pa1.a(cc2538-rf.o)
 .text.receiving_packet
                0x000000000020102c       0x18 contiki-sm14z2538pa1.a(cc2538-rf.o)
 .text.pending_packet
                0x0000000000201044       0x10 contiki-sm14z2538pa1.a(cc2538-rf.o)
 .text.get_value
                0x0000000000201054      0x110 contiki-sm14z2538pa1.a(cc2538-rf.o)
 .text.prepare  0x0000000000201164       0x64 contiki-sm14z2538pa1.a(cc2538-rf.o)
 .text.transmit
                0x00000000002011c8       0x8c contiki-sm14z2538pa1.a(cc2538-rf.o)
 .text.set_value
                0x0000000000201254       0xdc contiki-sm14z2538pa1.a(cc2538-rf.o)
 .text.get_object
                0x0000000000201330       0x30 contiki-sm14z2538pa1.a(cc2538-rf.o)
 .text.set_object
                0x0000000000201360       0x30 contiki-sm14z2538pa1.a(cc2538-rf.o)
 .text.read     0x0000000000201390       0xc4 contiki-sm14z2538pa1.a(cc2538-rf.o)
 .text.init     0x0000000000201454       0xf0 contiki-sm14z2538pa1.a(cc2538-rf.o)
 .text.process_thread_cc2538_rf_process
                0x0000000000201544       0x70 contiki-sm14z2538pa1.a(cc2538-rf.o)
 .text.cc2538_rf_rx_tx_isr
                0x00000000002015b4       0x18 contiki-sm14z2538pa1.a(cc2538-rf.o)
                0x00000000002015b4                cc2538_rf_rx_tx_isr
 .text.cc2538_rf_err_isr
                0x00000000002015cc       0x28 contiki-sm14z2538pa1.a(cc2538-rf.o)
                0x00000000002015cc                cc2538_rf_err_isr
 .text.udma_init
                0x00000000002015f4       0x30 contiki-sm14z2538pa1.a(udma.o)
                0x00000000002015f4                udma_init
 .text.udma_set_channel_src
                0x0000000000201624       0x10 contiki-sm14z2538pa1.a(udma.o)
                0x0000000000201624                udma_set_channel_src
 .text.udma_set_channel_dst
                0x0000000000201634       0x14 contiki-sm14z2538pa1.a(udma.o)
                0x0000000000201634                udma_set_channel_dst
 .text.udma_set_channel_control_word
                0x0000000000201648       0x14 contiki-sm14z2538pa1.a(udma.o)
                0x0000000000201648                udma_set_channel_control_word
 .text.udma_channel_enable
                0x000000000020165c       0x18 contiki-sm14z2538pa1.a(udma.o)
                0x000000000020165c                udma_channel_enable
 .text.udma_channel_mask_set
                0x0000000000201674       0x18 contiki-sm14z2538pa1.a(udma.o)
                0x0000000000201674                udma_channel_mask_set
 .text.udma_channel_sw_request
                0x000000000020168c       0x18 contiki-sm14z2538pa1.a(udma.o)
                0x000000000020168c                udma_channel_sw_request
 .text.udma_channel_get_mode
                0x00000000002016a4       0x1c contiki-sm14z2538pa1.a(udma.o)
                0x00000000002016a4                udma_channel_get_mode
 .text.udma_isr
                0x00000000002016c0       0x10 contiki-sm14z2538pa1.a(udma.o)
                0x00000000002016c0                udma_isr
 .text.udma_err_isr
                0x00000000002016d0        0xc contiki-sm14z2538pa1.a(udma.o)
                0x00000000002016d0                udma_err_isr
 .text.select_32_mhz_xosc
                0x00000000002016dc       0x2c contiki-sm14z2538pa1.a(lpm.o)
 .text.lpm_exit
                0x0000000000201708       0x30 contiki-sm14z2538pa1.a(lpm.o)
                0x0000000000201708                lpm_exit
 .text.lpm_enter
                0x0000000000201738       0xb4 contiki-sm14z2538pa1.a(lpm.o)
                0x0000000000201738                lpm_enter
 .text.lpm_register_peripheral
                0x00000000002017ec       0x20 contiki-sm14z2538pa1.a(lpm.o)
                0x00000000002017ec                lpm_register_peripheral
 .text.lpm_init
                0x000000000020180c       0x24 contiki-sm14z2538pa1.a(lpm.o)
                0x000000000020180c                lpm_init
 .text.ieee_addr_cpy_to
                0x0000000000201830       0x74 contiki-sm14z2538pa1.a(ieee-addr.o)
                0x0000000000201830                ieee_addr_cpy_to
 .text.printf   0x00000000002018a4       0x20 contiki-sm14z2538pa1.a(dbg-printf.o)
                0x00000000002018a4                printf
 .text.fill_space
                0x00000000002018c4       0x34 contiki-sm14z2538pa1.a(strformat.o)
 .text.format_str_v
                0x00000000002018f8      0x704 contiki-sm14z2538pa1.a(strformat.o)
                0x00000000002018f8                format_str_v
 .text.process_thread_ctimer_process
                0x0000000000201ffc       0x7c contiki-sm14z2538pa1.a(ctimer.o)
 .text.ctimer_init
                0x0000000000202078       0x28 contiki-sm14z2538pa1.a(ctimer.o)
                0x0000000000202078                ctimer_init
 .text.ctimer_set
                0x00000000002020a0       0x40 contiki-sm14z2538pa1.a(ctimer.o)
                0x00000000002020a0                ctimer_set
 .text.ctimer_reset
                0x00000000002020e0       0x38 contiki-sm14z2538pa1.a(ctimer.o)
                0x00000000002020e0                ctimer_reset
 .text.ctimer_stop
                0x0000000000202118       0x2c contiki-sm14z2538pa1.a(ctimer.o)
                0x0000000000202118                ctimer_stop
 .text.update_time
                0x0000000000202144       0x3c contiki-sm14z2538pa1.a(etimer.o)
 .text.etimer_request_poll
                0x0000000000202180        0xc contiki-sm14z2538pa1.a(etimer.o)
                0x0000000000202180                etimer_request_poll
 .text.process_thread_etimer_process
                0x000000000020218c       0xac contiki-sm14z2538pa1.a(etimer.o)
 .text.add_timer
                0x0000000000202238       0x40 contiki-sm14z2538pa1.a(etimer.o)
 .text.etimer_pending
                0x0000000000202278       0x10 contiki-sm14z2538pa1.a(etimer.o)
                0x0000000000202278                etimer_pending
 .text.etimer_stop
                0x0000000000202288       0x34 contiki-sm14z2538pa1.a(etimer.o)
                0x0000000000202288                etimer_stop
 .text.call_process.part.0
                0x00000000002022bc       0x38 contiki-sm14z2538pa1.a(process.o)
 .text.exit_process
                0x00000000002022f4       0x80 contiki-sm14z2538pa1.a(process.o)
 .text.do_poll  0x0000000000202374       0x34 contiki-sm14z2538pa1.a(process.o)
 .text.process_alloc_event
                0x00000000002023a8       0x10 contiki-sm14z2538pa1.a(process.o)
                0x00000000002023a8                process_alloc_event
 .text.process_init
                0x00000000002023b8       0x30 contiki-sm14z2538pa1.a(process.o)
                0x00000000002023b8                process_init
 .text.process_run
                0x00000000002023e8       0xa4 contiki-sm14z2538pa1.a(process.o)
                0x00000000002023e8                process_run
 .text.process_nevents
                0x000000000020248c       0x14 contiki-sm14z2538pa1.a(process.o)
                0x000000000020248c                process_nevents
 .text.process_post
                0x00000000002024a0       0x3c contiki-sm14z2538pa1.a(process.o)
                0x00000000002024a0                process_post
 .text.process_post_synch
                0x00000000002024dc       0x14 contiki-sm14z2538pa1.a(process.o)
                0x00000000002024dc                process_post_synch
 .text.process_start
                0x00000000002024f0       0x30 contiki-sm14z2538pa1.a(process.o)
                0x00000000002024f0                process_start
 .text.process_poll
                0x0000000000202520       0x18 contiki-sm14z2538pa1.a(process.o)
                0x0000000000202520                process_poll
 .text.rtimer_set
                0x0000000000202538       0x24 contiki-sm14z2538pa1.a(rtimer.o)
                0x0000000000202538                rtimer_set
 .text.rtimer_run_next
                0x000000000020255c       0x28 contiki-sm14z2538pa1.a(rtimer.o)
                0x000000000020255c                rtimer_run_next
 .text.process_thread_serial_line_process
                0x0000000000202584       0x94 contiki-sm14z2538pa1.a(serial-line.o)
 .text.serial_line_input_byte
                0x0000000000202618       0x48 contiki-sm14z2538pa1.a(serial-line.o)
                0x0000000000202618                serial_line_input_byte
 .text.serial_line_init
                0x0000000000202660       0x24 contiki-sm14z2538pa1.a(serial-line.o)
                0x0000000000202660                serial_line_init
 .text.random_rand
                0x0000000000202684       0x24 contiki-sm14z2538pa1.a(random.o)
                0x0000000000202684                random_rand
 .text.random_init
                0x00000000002026a8       0x78 contiki-sm14z2538pa1.a(random.o)
                0x00000000002026a8                random_init
 .text.call_route_callback
                0x0000000000202720       0x54 contiki-sm14z2538pa1.a(uip-ds6-route.o)
 .text.uip_ds6_notification_add
                0x0000000000202774       0x14 contiki-sm14z2538pa1.a(uip-ds6-route.o)
                0x0000000000202774                uip_ds6_notification_add
 .text.uip_ds6_route_init
                0x0000000000202788       0x48 contiki-sm14z2538pa1.a(uip-ds6-route.o)
                0x0000000000202788                uip_ds6_route_init
 .text.uip_ds6_route_nexthop
                0x00000000002027d0       0x1c contiki-sm14z2538pa1.a(uip-ds6-route.o)
                0x00000000002027d0                uip_ds6_route_nexthop
 .text.uip_ds6_route_head
                0x00000000002027ec        0xc contiki-sm14z2538pa1.a(uip-ds6-route.o)
                0x00000000002027ec                uip_ds6_route_head
 .text.uip_ds6_route_lookup
                0x00000000002027f8       0x64 contiki-sm14z2538pa1.a(uip-ds6-route.o)
                0x00000000002027f8                uip_ds6_route_lookup
 .text.uip_ds6_route_rm
                0x000000000020285c       0x9c contiki-sm14z2538pa1.a(uip-ds6-route.o)
                0x000000000020285c                uip_ds6_route_rm
 .text.rm_routelist
                0x00000000002028f8       0x2c contiki-sm14z2538pa1.a(uip-ds6-route.o)
 .text.uip_ds6_route_add
                0x0000000000202924       0xf4 contiki-sm14z2538pa1.a(uip-ds6-route.o)
                0x0000000000202924                uip_ds6_route_add
 .text.uip_ds6_defrt_rm
                0x0000000000202a18       0x44 contiki-sm14z2538pa1.a(uip-ds6-route.o)
                0x0000000000202a18                uip_ds6_defrt_rm
 .text.uip_ds6_defrt_lookup
                0x0000000000202a5c       0x2c contiki-sm14z2538pa1.a(uip-ds6-route.o)
                0x0000000000202a5c                uip_ds6_defrt_lookup
 .text.uip_ds6_defrt_add
                0x0000000000202a88       0x64 contiki-sm14z2538pa1.a(uip-ds6-route.o)
                0x0000000000202a88                uip_ds6_defrt_add
 .text.uip_ds6_defrt_choose
                0x0000000000202aec       0x34 contiki-sm14z2538pa1.a(uip-ds6-route.o)
                0x0000000000202aec                uip_ds6_defrt_choose
 .text.uip_ds6_defrt_periodic
                0x0000000000202b20       0x3c contiki-sm14z2538pa1.a(uip-ds6-route.o)
                0x0000000000202b20                uip_ds6_defrt_periodic
 .text.upper_layer_chksum
                0x0000000000202b5c       0x54 contiki-sm14z2538pa1.a(uip6.o)
 .text.ext_hdr_options_process
                0x0000000000202bb0       0xc8 contiki-sm14z2538pa1.a(uip6.o)
 .text.uip_add32
                0x0000000000202c78       0x54 contiki-sm14z2538pa1.a(uip6.o)
                0x0000000000202c78                uip_add32
 .text.unlikely.uip_add_rcv_nxt
                0x0000000000202ccc       0x30 contiki-sm14z2538pa1.a(uip6.o)
 .text.uip_init
                0x0000000000202cfc       0x7c contiki-sm14z2538pa1.a(uip6.o)
                0x0000000000202cfc                uip_init
 .text.remove_ext_hdr
                0x0000000000202d78       0x50 contiki-sm14z2538pa1.a(uip6.o)
                0x0000000000202d78                remove_ext_hdr
 .text.uip_udp_new
                0x0000000000202dc8       0xb4 contiki-sm14z2538pa1.a(uip6.o)
                0x0000000000202dc8                uip_udp_new
 .text.uip_unlisten
                0x0000000000202e7c       0x3c contiki-sm14z2538pa1.a(uip6.o)
                0x0000000000202e7c                uip_unlisten
 .text.uip_process
                0x0000000000202eb8      0xd98 contiki-sm14z2538pa1.a(uip6.o)
                0x0000000000202eb8                uip_process
 .text.uip_htonl
                0x0000000000203c50       0x1c contiki-sm14z2538pa1.a(uip6.o)
                0x0000000000203c50                uip_htonl
 .text.uip_ds6_nbr_rm
                0x0000000000203c6c       0x20 contiki-sm14z2538pa1.a(uip-ds6-nbr.o)
                0x0000000000203c6c                uip_ds6_nbr_rm
 .text.uip_ds6_neighbors_init
                0x0000000000203c8c       0x14 contiki-sm14z2538pa1.a(uip-ds6-nbr.o)
                0x0000000000203c8c                uip_ds6_neighbors_init
 .text.uip_ds6_nbr_add
                0x0000000000203ca0       0x60 contiki-sm14z2538pa1.a(uip-ds6-nbr.o)
                0x0000000000203ca0                uip_ds6_nbr_add
 .text.uip_ds6_nbr_get_ll
                0x0000000000203d00       0x10 contiki-sm14z2538pa1.a(uip-ds6-nbr.o)
                0x0000000000203d00                uip_ds6_nbr_get_ll
 .text.uip_ds6_nbr_lookup
                0x0000000000203d10       0x38 contiki-sm14z2538pa1.a(uip-ds6-nbr.o)
                0x0000000000203d10                uip_ds6_nbr_lookup
 .text.uip_ds6_nbr_ll_lookup
                0x0000000000203d48       0x10 contiki-sm14z2538pa1.a(uip-ds6-nbr.o)
                0x0000000000203d48                uip_ds6_nbr_ll_lookup
 .text.uip_ds6_link_neighbor_callback
                0x0000000000203d58       0x2c contiki-sm14z2538pa1.a(uip-ds6-nbr.o)
                0x0000000000203d58                uip_ds6_link_neighbor_callback
 .text.uip_ds6_neighbor_periodic
                0x0000000000203d84      0x120 contiki-sm14z2538pa1.a(uip-ds6-nbr.o)
                0x0000000000203d84                uip_ds6_neighbor_periodic
 .text.na_input
                0x0000000000203ea4      0x1ec contiki-sm14z2538pa1.a(uip-nd6.o)
 .text.ns_input
                0x0000000000204090      0x26c contiki-sm14z2538pa1.a(uip-nd6.o)
 .text.uip_nd6_ns_output
                0x00000000002042fc      0x15c contiki-sm14z2538pa1.a(uip-nd6.o)
                0x00000000002042fc                uip_nd6_ns_output
 .text.uip_nd6_init
                0x0000000000204458       0x1c contiki-sm14z2538pa1.a(uip-nd6.o)
                0x0000000000204458                uip_nd6_init
 .text.sicslowpan_init
                0x0000000000204474       0x24 contiki-sm14z2538pa1.a(sicslowpan.o)
                0x0000000000204474                sicslowpan_init
 .text.set_packet_attrs
                0x0000000000204498       0x40 contiki-sm14z2538pa1.a(sicslowpan.o)
 .text.compress_addr_64
                0x00000000002044d8       0x90 contiki-sm14z2538pa1.a(sicslowpan.o)
 .text.addr_context_lookup_by_prefix
                0x0000000000204568       0x28 contiki-sm14z2538pa1.a(sicslowpan.o)
 .text.send_packet
                0x0000000000204590       0x24 contiki-sm14z2538pa1.a(sicslowpan.o)
 .text.packet_sent
                0x00000000002045b4       0x28 contiki-sm14z2538pa1.a(sicslowpan.o)
 .text.uncompress_addr
                0x00000000002045dc       0x94 contiki-sm14z2538pa1.a(sicslowpan.o)
 .text.output   0x0000000000204670      0x6c0 contiki-sm14z2538pa1.a(sicslowpan.o)
 .text.input    0x0000000000204d30      0x5fc contiki-sm14z2538pa1.a(sicslowpan.o)
 .text.start_periodic_tcp_timer
                0x000000000020532c       0x1c contiki-sm14z2538pa1.a(tcpip.o)
 .text.tcpip_output
                0x0000000000205348       0x10 contiki-sm14z2538pa1.a(tcpip.o)
                0x0000000000205348                tcpip_output
 .text.tcpip_set_outputfunc
                0x0000000000205358        0xc contiki-sm14z2538pa1.a(tcpip.o)
                0x0000000000205358                tcpip_set_outputfunc
 .text.udp_new  0x0000000000205364       0x18 contiki-sm14z2538pa1.a(tcpip.o)
                0x0000000000205364                udp_new
 .text.tcpip_icmp6_call
                0x000000000020537c       0x28 contiki-sm14z2538pa1.a(tcpip.o)
                0x000000000020537c                tcpip_icmp6_call
 .text.tcpip_input
                0x00000000002053a4       0x24 contiki-sm14z2538pa1.a(tcpip.o)
                0x00000000002053a4                tcpip_input
 .text.tcpip_ipv6_output
                0x00000000002053c8      0x130 contiki-sm14z2538pa1.a(tcpip.o)
                0x00000000002053c8                tcpip_ipv6_output
 .text.process_thread_tcpip_process
                0x00000000002054f8      0x1f0 contiki-sm14z2538pa1.a(tcpip.o)
 .text.tcpip_uipcall
                0x00000000002056e8       0x84 contiki-sm14z2538pa1.a(tcpip.o)
                0x00000000002056e8                tcpip_uipcall
 .text.process_thread_udp_socket_process
                0x000000000020576c       0xb0 contiki-sm14z2538pa1.a(udp-socket.o)
 .text.udp_socket_register
                0x000000000020581c       0x50 contiki-sm14z2538pa1.a(udp-socket.o)
                0x000000000020581c                udp_socket_register
 .text.uip_debug_ipaddr_print
                0x000000000020586c       0x70 contiki-sm14z2538pa1.a(uip-debug.o)
                0x000000000020586c                uip_debug_ipaddr_print
 .text.queuebuf_init
                0x00000000002058dc       0x1c contiki-sm14z2538pa1.a(queuebuf.o)
                0x00000000002058dc                queuebuf_init
 .text.queuebuf_numfree
                0x00000000002058f8        0xc contiki-sm14z2538pa1.a(queuebuf.o)
                0x00000000002058f8                queuebuf_numfree
 .text.queuebuf_new_from_packetbuf
                0x0000000000205904       0x44 contiki-sm14z2538pa1.a(queuebuf.o)
                0x0000000000205904                queuebuf_new_from_packetbuf
 .text.queuebuf_free
                0x0000000000205948       0x2c contiki-sm14z2538pa1.a(queuebuf.o)
                0x0000000000205948                queuebuf_free
 .text.queuebuf_to_packetbuf
                0x0000000000205974       0x30 contiki-sm14z2538pa1.a(queuebuf.o)
                0x0000000000205974                queuebuf_to_packetbuf
 .text.index_from_key
                0x00000000002059a4       0x20 contiki-sm14z2538pa1.a(nbr-table.o)
 .text.index_from_lladdr
                0x00000000002059c4       0x40 contiki-sm14z2538pa1.a(nbr-table.o)
 .text.nbr_get_bit.constprop.0
                0x0000000000205a04       0x24 contiki-sm14z2538pa1.a(nbr-table.o)
 .text.nbr_table_register
                0x0000000000205a28       0x28 contiki-sm14z2538pa1.a(nbr-table.o)
                0x0000000000205a28                nbr_table_register
 .text.nbr_table_next
                0x0000000000205a50       0x48 contiki-sm14z2538pa1.a(nbr-table.o)
                0x0000000000205a50                nbr_table_next
 .text.nbr_table_head
                0x0000000000205a98       0x38 contiki-sm14z2538pa1.a(nbr-table.o)
                0x0000000000205a98                nbr_table_head
 .text.nbr_table_add_lladdr
                0x0000000000205ad0      0x114 contiki-sm14z2538pa1.a(nbr-table.o)
                0x0000000000205ad0                nbr_table_add_lladdr
 .text.nbr_table_remove
                0x0000000000205be4       0x2c contiki-sm14z2538pa1.a(nbr-table.o)
                0x0000000000205be4                nbr_table_remove
 .text.nbr_table_lock
                0x0000000000205c10       0x10 contiki-sm14z2538pa1.a(nbr-table.o)
                0x0000000000205c10                nbr_table_lock
 .text.nbr_table_unlock
                0x0000000000205c20       0x10 contiki-sm14z2538pa1.a(nbr-table.o)
                0x0000000000205c20                nbr_table_unlock
 .text.nbr_table_get_lladdr
                0x0000000000205c30       0x24 contiki-sm14z2538pa1.a(nbr-table.o)
                0x0000000000205c30                nbr_table_get_lladdr
 .text.packetbuf_compact
                0x0000000000205c54       0x34 contiki-sm14z2538pa1.a(packetbuf.o)
                0x0000000000205c54                packetbuf_compact
 .text.packetbuf_copyto
                0x0000000000205c88       0x50 contiki-sm14z2538pa1.a(packetbuf.o)
                0x0000000000205c88                packetbuf_copyto
 .text.packetbuf_hdrreduce
                0x0000000000205cd8       0x28 contiki-sm14z2538pa1.a(packetbuf.o)
                0x0000000000205cd8                packetbuf_hdrreduce
 .text.packetbuf_set_datalen
                0x0000000000205d00        0xc contiki-sm14z2538pa1.a(packetbuf.o)
                0x0000000000205d00                packetbuf_set_datalen
 .text.packetbuf_dataptr
                0x0000000000205d0c       0x14 contiki-sm14z2538pa1.a(packetbuf.o)
                0x0000000000205d0c                packetbuf_dataptr
 .text.packetbuf_hdrptr
                0x0000000000205d20       0x14 contiki-sm14z2538pa1.a(packetbuf.o)
                0x0000000000205d20                packetbuf_hdrptr
 .text.packetbuf_datalen
                0x0000000000205d34        0xc contiki-sm14z2538pa1.a(packetbuf.o)
                0x0000000000205d34                packetbuf_datalen
 .text.packetbuf_hdrlen
                0x0000000000205d40       0x1c contiki-sm14z2538pa1.a(packetbuf.o)
                0x0000000000205d40                packetbuf_hdrlen
 .text.packetbuf_totlen
                0x0000000000205d5c       0x14 contiki-sm14z2538pa1.a(packetbuf.o)
                0x0000000000205d5c                packetbuf_totlen
 .text.packetbuf_hdralloc
                0x0000000000205d70       0x28 contiki-sm14z2538pa1.a(packetbuf.o)
                0x0000000000205d70                packetbuf_hdralloc
 .text.packetbuf_attr_clear
                0x0000000000205d98       0x38 contiki-sm14z2538pa1.a(packetbuf.o)
                0x0000000000205d98                packetbuf_attr_clear
 .text.packetbuf_clear
                0x0000000000205dd0       0x30 contiki-sm14z2538pa1.a(packetbuf.o)
                0x0000000000205dd0                packetbuf_clear
 .text.packetbuf_copyfrom
                0x0000000000205e00       0x2c contiki-sm14z2538pa1.a(packetbuf.o)
                0x0000000000205e00                packetbuf_copyfrom
 .text.packetbuf_attr_copyto
                0x0000000000205e2c       0x34 contiki-sm14z2538pa1.a(packetbuf.o)
                0x0000000000205e2c                packetbuf_attr_copyto
 .text.packetbuf_attr_copyfrom
                0x0000000000205e60       0x34 contiki-sm14z2538pa1.a(packetbuf.o)
                0x0000000000205e60                packetbuf_attr_copyfrom
 .text.packetbuf_set_attr
                0x0000000000205e94       0x10 contiki-sm14z2538pa1.a(packetbuf.o)
                0x0000000000205e94                packetbuf_set_attr
 .text.packetbuf_attr
                0x0000000000205ea4        0xc contiki-sm14z2538pa1.a(packetbuf.o)
                0x0000000000205ea4                packetbuf_attr
 .text.packetbuf_set_addr
                0x0000000000205eb0       0x18 contiki-sm14z2538pa1.a(packetbuf.o)
                0x0000000000205eb0                packetbuf_set_addr
 .text.packetbuf_addr
                0x0000000000205ec8       0x10 contiki-sm14z2538pa1.a(packetbuf.o)
                0x0000000000205ec8                packetbuf_addr
 .text.packetbuf_holds_broadcast
                0x0000000000205ed8       0x10 contiki-sm14z2538pa1.a(packetbuf.o)
                0x0000000000205ed8                packetbuf_holds_broadcast
 .text.netstack_init
                0x0000000000205ee8       0x30 contiki-sm14z2538pa1.a(netstack.o)
                0x0000000000205ee8                netstack_init
 .text.create_frame.isra.0
                0x0000000000205f18      0x118 contiki-sm14z2538pa1.a(framer-802154.o)
 .text.input_packet
                0x0000000000206030        0xc contiki-sm14z2538pa1.a(csma.o)
 .text.on       0x000000000020603c        0xc contiki-sm14z2538pa1.a(csma.o)
 .text.off      0x0000000000206048        0xc contiki-sm14z2538pa1.a(csma.o)
 .text.channel_check_interval
                0x0000000000206054       0x10 contiki-sm14z2538pa1.a(csma.o)
 .text.transmit_packet_list
                0x0000000000206064       0x30 contiki-sm14z2538pa1.a(csma.o)
 .text.send_packet
                0x0000000000206094      0x14c contiki-sm14z2538pa1.a(csma.o)
 .text.init     0x00000000002061e0       0x24 contiki-sm14z2538pa1.a(csma.o)
 .text.free_packet
                0x0000000000206204       0x90 contiki-sm14z2538pa1.a(csma.o)
 .text.packet_sent
                0x0000000000206294       0xe8 contiki-sm14z2538pa1.a(csma.o)
 .text.frame802154_parse
                0x000000000020637c      0x11c contiki-sm14z2538pa1.a(frame802154.o)
                0x000000000020637c                frame802154_parse
 .text.framer_canonical_create_and_secure
                0x0000000000206498       0x2c contiki-sm14z2538pa1.a(framer.o)
                0x0000000000206498                framer_canonical_create_and_secure
 .text.init     0x00000000002064c4       0x40 contiki-sm14z2538pa1.a(contikimac.o)
 .text.on       0x0000000000206504       0x2c contiki-sm14z2538pa1.a(contikimac.o)
 .text.off      0x0000000000206530       0x38 contiki-sm14z2538pa1.a(contikimac.o)
 .text.recv_burst_off
                0x0000000000206568       0x14 contiki-sm14z2538pa1.a(contikimac.o)
 .text.powercycle_turn_radio_off
                0x000000000020657c       0x1c contiki-sm14z2538pa1.a(contikimac.o)
 .text.turn_off
                0x0000000000206598       0x38 contiki-sm14z2538pa1.a(contikimac.o)
 .text.turn_on  0x00000000002065d0       0x40 contiki-sm14z2538pa1.a(contikimac.o)
 .text.schedule_powercycle_fixed
                0x0000000000206610       0x38 contiki-sm14z2538pa1.a(contikimac.o)
 .text.input_packet
                0x0000000000206648       0xa4 contiki-sm14z2538pa1.a(contikimac.o)
 .text.send_packet.isra.7
                0x00000000002066ec      0x204 contiki-sm14z2538pa1.a(contikimac.o)
 .text.qsend_list
                0x00000000002068f0       0xc4 contiki-sm14z2538pa1.a(contikimac.o)
 .text.powercycle
                0x00000000002069b4      0x200 contiki-sm14z2538pa1.a(contikimac.o)
 .text.input    0x0000000000206bb4        0xc contiki-sm14z2538pa1.a(nullsec.o)
 .text.send     0x0000000000206bc0       0x20 contiki-sm14z2538pa1.a(nullsec.o)
 .text.netstack_aes_set_key
                0x0000000000206be0       0x24 contiki-sm14z2538pa1.a(netstack-aes.o)
                0x0000000000206be0                netstack_aes_set_key
 .text.rpl_get_mode
                0x0000000000206c04        0xc contiki-sm14z2538pa1.a(rpl.o)
                0x0000000000206c04                rpl_get_mode
 .text.rpl_purge_routes
                0x0000000000206c10       0x68 contiki-sm14z2538pa1.a(rpl.o)
                0x0000000000206c10                rpl_purge_routes
 .text.rpl_link_neighbor_callback
                0x0000000000206c78       0x70 contiki-sm14z2538pa1.a(rpl.o)
                0x0000000000206c78                rpl_link_neighbor_callback
 .text.rpl_ipv6_neighbor_callback
                0x0000000000206ce8       0x28 contiki-sm14z2538pa1.a(rpl.o)
                0x0000000000206ce8                rpl_ipv6_neighbor_callback
 .text.rpl_init
                0x0000000000206d10       0x58 contiki-sm14z2538pa1.a(rpl.o)
                0x0000000000206d10                rpl_init
 .text.rpl_set_preferred_parent
                0x0000000000206d68       0x28 contiki-sm14z2538pa1.a(rpl-dag.o)
 .text.set_ip_from_prefix
                0x0000000000206d90       0x2c contiki-sm14z2538pa1.a(rpl-dag.o)
 .text.find_parent_any_dag_any_instance
                0x0000000000206dbc       0x1c contiki-sm14z2538pa1.a(rpl-dag.o)
 .text.rpl_get_nbr
                0x0000000000206dd8       0x28 contiki-sm14z2538pa1.a(rpl-dag.o)
                0x0000000000206dd8                rpl_get_nbr
 .text.rpl_dag_init
                0x0000000000206e00       0x14 contiki-sm14z2538pa1.a(rpl-dag.o)
                0x0000000000206e00                rpl_dag_init
 .text.rpl_get_parent
                0x0000000000206e14       0x10 contiki-sm14z2538pa1.a(rpl-dag.o)
                0x0000000000206e14                rpl_get_parent
 .text.rpl_get_parent_ipaddr
                0x0000000000206e24       0x18 contiki-sm14z2538pa1.a(rpl-dag.o)
                0x0000000000206e24                rpl_get_parent_ipaddr
 .text.rpl_alloc_instance
                0x0000000000206e3c       0x34 contiki-sm14z2538pa1.a(rpl-dag.o)
                0x0000000000206e3c                rpl_alloc_instance
 .text.rpl_add_parent
                0x0000000000206e70       0x48 contiki-sm14z2538pa1.a(rpl-dag.o)
                0x0000000000206e70                rpl_add_parent
 .text.rpl_select_parent
                0x0000000000206eb8       0x70 contiki-sm14z2538pa1.a(rpl-dag.o)
                0x0000000000206eb8                rpl_select_parent
 .text.rpl_remove_parent
                0x0000000000206f28       0x1c contiki-sm14z2538pa1.a(rpl-dag.o)
                0x0000000000206f28                rpl_remove_parent
 .text.remove_parents.constprop.5
                0x0000000000206f44       0x2c contiki-sm14z2538pa1.a(rpl-dag.o)
 .text.rpl_get_any_dag
                0x0000000000206f70       0x18 contiki-sm14z2538pa1.a(rpl-dag.o)
                0x0000000000206f70                rpl_get_any_dag
 .text.rpl_get_instance
                0x0000000000206f88       0x20 contiki-sm14z2538pa1.a(rpl-dag.o)
                0x0000000000206f88                rpl_get_instance
 .text.rpl_find_of
                0x0000000000206fa8       0x14 contiki-sm14z2538pa1.a(rpl-dag.o)
                0x0000000000206fa8                rpl_find_of
 .text.rpl_join_instance
                0x0000000000206fbc      0x124 contiki-sm14z2538pa1.a(rpl-dag.o)
                0x0000000000206fbc                rpl_join_instance
 .text.rpl_local_repair
                0x00000000002070e0       0x58 contiki-sm14z2538pa1.a(rpl-dag.o)
                0x00000000002070e0                rpl_local_repair
 .text.rpl_recalculate_ranks
                0x0000000000207138       0x3c contiki-sm14z2538pa1.a(rpl-dag.o)
                0x0000000000207138                rpl_recalculate_ranks
 .text.rpl_lock_parent
                0x0000000000207174       0x10 contiki-sm14z2538pa1.a(rpl-dag.o)
                0x0000000000207174                rpl_lock_parent
 .text.dao_ack_input
                0x0000000000207184        0xc contiki-sm14z2538pa1.a(rpl-icmp6.o)
 .text.dio_input
                0x0000000000207190      0x278 contiki-sm14z2538pa1.a(rpl-icmp6.o)
 .text.dis_output
                0x0000000000207408       0x54 contiki-sm14z2538pa1.a(rpl-icmp6.o)
                0x0000000000207408                dis_output
 .text.dio_output
                0x000000000020745c      0x208 contiki-sm14z2538pa1.a(rpl-icmp6.o)
                0x000000000020745c                dio_output
 .text.dis_input
                0x0000000000207664       0x34 contiki-sm14z2538pa1.a(rpl-icmp6.o)
 .text.dao_output_target
                0x0000000000207698       0xe4 contiki-sm14z2538pa1.a(rpl-icmp6.o)
                0x0000000000207698                dao_output_target
 .text.dao_output
                0x000000000020777c       0x60 contiki-sm14z2538pa1.a(rpl-icmp6.o)
                0x000000000020777c                dao_output
 .text.dao_ack_output
                0x00000000002077dc       0x34 contiki-sm14z2538pa1.a(rpl-icmp6.o)
                0x00000000002077dc                dao_ack_output
 .text.dao_input
                0x0000000000207810      0x238 contiki-sm14z2538pa1.a(rpl-icmp6.o)
 .text.rpl_icmp6_register_handlers
                0x0000000000207a48       0x30 contiki-sm14z2538pa1.a(rpl-icmp6.o)
                0x0000000000207a48                rpl_icmp6_register_handlers
 .text.new_dio_interval
                0x0000000000207a78       0x5c contiki-sm14z2538pa1.a(rpl-timers.o)
 .text.handle_periodic_timer
                0x0000000000207ad4       0x38 contiki-sm14z2538pa1.a(rpl-timers.o)
 .text.set_dao_lifetime_timer
                0x0000000000207b0c       0x3c contiki-sm14z2538pa1.a(rpl-timers.o)
 .text.handle_dio_timer
                0x0000000000207b48       0x80 contiki-sm14z2538pa1.a(rpl-timers.o)
 .text.schedule_dao
                0x0000000000207bc8       0x50 contiki-sm14z2538pa1.a(rpl-timers.o)
 .text.handle_dao_timer
                0x0000000000207c18       0x58 contiki-sm14z2538pa1.a(rpl-timers.o)
 .text.rpl_reset_periodic_timer
                0x0000000000207c70       0x34 contiki-sm14z2538pa1.a(rpl-timers.o)
                0x0000000000207c70                rpl_reset_periodic_timer
 .text.rpl_schedule_probing
                0x0000000000207ca4       0x30 contiki-sm14z2538pa1.a(rpl-timers.o)
                0x0000000000207ca4                rpl_schedule_probing
 .text.handle_probing_timer
                0x0000000000207cd4       0xcc contiki-sm14z2538pa1.a(rpl-timers.o)
 .text.rpl_verify_header
                0x0000000000207da0       0x90 contiki-sm14z2538pa1.a(rpl-ext-header.)
                0x0000000000207da0                rpl_verify_header
 .text.rpl_update_header_empty
                0x0000000000207e30      0x13c contiki-sm14z2538pa1.a(rpl-ext-header.)
                0x0000000000207e30                rpl_update_header_empty
 .text.rpl_update_header_final
                0x0000000000207f6c       0x8c contiki-sm14z2538pa1.a(rpl-ext-header.)
                0x0000000000207f6c                rpl_update_header_final
 .text.rpl_invert_header
                0x0000000000207ff8       0x74 contiki-sm14z2538pa1.a(rpl-ext-header.)
                0x0000000000207ff8                rpl_invert_header
 .text.rpl_insert_header
                0x000000000020806c       0x1c contiki-sm14z2538pa1.a(rpl-ext-header.)
                0x000000000020806c                rpl_insert_header
 .text.OLED_WrCmd
                0x0000000000208088       0x4c contiki-sm14z2538pa1.a(oled-arch.o)
                0x0000000000208088                OLED_WrCmd
 .text.OLED_Init
                0x00000000002080d4       0xe0 contiki-sm14z2538pa1.a(oled-arch.o)
                0x00000000002080d4                OLED_Init
 .text.stimer_expired
                0x00000000002081b4       0x20 contiki-sm14z2538pa1.a(stimer.o)
                0x00000000002081b4                stimer_expired
 .text.echo_reply_input
                0x00000000002081d4       0xf0 contiki-sm14z2538pa1.a(uip-icmp6.o)
 .text.echo_request_input
                0x00000000002082c4      0x104 contiki-sm14z2538pa1.a(uip-icmp6.o)
 .text.uip_icmp6_input
                0x00000000002083c8       0x38 contiki-sm14z2538pa1.a(uip-icmp6.o)
                0x00000000002083c8                uip_icmp6_input
 .text.uip_icmp6_register_input_handler
                0x0000000000208400        0xc contiki-sm14z2538pa1.a(uip-icmp6.o)
                0x0000000000208400                uip_icmp6_register_input_handler
 .text.uip_icmp6_error_output
                0x000000000020840c      0x148 contiki-sm14z2538pa1.a(uip-icmp6.o)
                0x000000000020840c                uip_icmp6_error_output
 .text.uip_icmp6_send
                0x0000000000208554       0x88 contiki-sm14z2538pa1.a(uip-icmp6.o)
                0x0000000000208554                uip_icmp6_send
 .text.uip_icmp6_init
                0x00000000002085dc       0x1c contiki-sm14z2538pa1.a(uip-icmp6.o)
                0x00000000002085dc                uip_icmp6_init
 .text.uip_ds6_prefix_add
                0x00000000002085f8       0x64 contiki-sm14z2538pa1.a(uip-ds6.o)
                0x00000000002085f8                uip_ds6_prefix_add
 .text.uip_ds6_is_addr_onlink
                0x000000000020865c       0x3c contiki-sm14z2538pa1.a(uip-ds6.o)
                0x000000000020865c                uip_ds6_is_addr_onlink
 .text.uip_ds6_addr_lookup
                0x0000000000208698       0x2c contiki-sm14z2538pa1.a(uip-ds6.o)
                0x0000000000208698                uip_ds6_addr_lookup
 .text.uip_ds6_get_link_local
                0x00000000002086c4       0x3c contiki-sm14z2538pa1.a(uip-ds6.o)
                0x00000000002086c4                uip_ds6_get_link_local
 .text.uip_ds6_maddr_add
                0x0000000000208700       0x4c contiki-sm14z2538pa1.a(uip-ds6.o)
                0x0000000000208700                uip_ds6_maddr_add
 .text.uip_ds6_addr_add
                0x000000000020874c       0x94 contiki-sm14z2538pa1.a(uip-ds6.o)
                0x000000000020874c                uip_ds6_addr_add
 .text.uip_ds6_maddr_lookup
                0x00000000002087e0       0x2c contiki-sm14z2538pa1.a(uip-ds6.o)
                0x00000000002087e0                uip_ds6_maddr_lookup
 .text.uip_ds6_addr_rm
                0x000000000020880c       0x44 contiki-sm14z2538pa1.a(uip-ds6.o)
                0x000000000020880c                uip_ds6_addr_rm
 .text.uip_ds6_periodic
                0x0000000000208850       0x4c contiki-sm14z2538pa1.a(uip-ds6.o)
                0x0000000000208850                uip_ds6_periodic
 .text.uip_ds6_select_src
                0x000000000020889c       0x98 contiki-sm14z2538pa1.a(uip-ds6.o)
                0x000000000020889c                uip_ds6_select_src
 .text.uip_ds6_compute_reachable_time
                0x0000000000208934       0x2c contiki-sm14z2538pa1.a(uip-ds6.o)
                0x0000000000208934                uip_ds6_compute_reachable_time
 .text.uip_ds6_init
                0x0000000000208960       0xe0 contiki-sm14z2538pa1.a(uip-ds6.o)
                0x0000000000208960                uip_ds6_init
 .text.uip_udp_packet_send
                0x0000000000208a40       0x38 contiki-sm14z2538pa1.a(uip-udp-packet.)
                0x0000000000208a40                uip_udp_packet_send
 .text.mac_sequence_is_duplicate
                0x0000000000208a78       0x38 contiki-sm14z2538pa1.a(mac-sequence.o)
                0x0000000000208a78                mac_sequence_is_duplicate
 .text.mac_sequence_register_seqno
                0x0000000000208ab0       0x60 contiki-sm14z2538pa1.a(mac-sequence.o)
                0x0000000000208ab0                mac_sequence_register_seqno
 .text          0x0000000000208b10       0x30 /usr/lib/gcc/arm-none-eabi/6.3.1/thumb/v7-m/libgcc.a(_aeabi_uldivmod.o)
                0x0000000000208b10                __aeabi_uldivmod
 .text          0x0000000000208b40      0x2dc /usr/lib/gcc/arm-none-eabi/6.3.1/thumb/v7-m/libgcc.a(_udivmoddi4.o)
                0x0000000000208b40                __udivmoddi4
 .text          0x0000000000208e1c        0x4 /usr/lib/gcc/arm-none-eabi/6.3.1/thumb/v7-m/libgcc.a(_dvmd_tls.o)
                0x0000000000208e1c                __aeabi_ldiv0
                0x0000000000208e1c                __aeabi_idiv0
 .text          0x0000000000208e20       0x60 /usr/lib/gcc/arm-none-eabi/6.3.1/../../../arm-none-eabi/lib/thumb/v7-m/libc.a(lib_a-memcmp.o)
                0x0000000000208e20                memcmp
 .text          0x0000000000208e80       0xec /usr/lib/gcc/arm-none-eabi/6.3.1/../../../arm-none-eabi/lib/thumb/v7-m/libc.a(lib_a-memcpy.o)
                0x0000000000208e80                memcpy
 .text          0x0000000000208f6c       0xc8 /usr/lib/gcc/arm-none-eabi/6.3.1/../../../arm-none-eabi/lib/thumb/v7-m/libc.a(lib_a-memmove.o)
                0x0000000000208f6c                memmove
 .text          0x0000000000209034       0x9c /usr/lib/gcc/arm-none-eabi/6.3.1/../../../arm-none-eabi/lib/thumb/v7-m/libc.a(lib_a-memset.o)
                0x0000000000209034                memset
 .text.default_handler
                0x00000000002090d0        0x2 obj_sm14z2538pa1/startup-gcc.o
                0x00000000002090d0                default_handler
                0x00000000002090d0                usb_isr
 .text.nmi_handler
                0x00000000002090d2        0x6 obj_sm14z2538pa1/startup-gcc.o
                0x00000000002090d2                nmi_handler
 .text.fade     0x00000000002090d8       0x58 contiki-sm14z2538pa1.a(contiki-main.o)
 .text.config   0x0000000000209130       0x40 contiki-sm14z2538pa1.a(button-sensor.o)
 .text.status   0x0000000000209170        0x4 contiki-sm14z2538pa1.a(als-sensor.o)
 .text.clock_isr
                0x0000000000209174        0x4 contiki-sm14z2538pa1.a(clock.o)
                0x0000000000209174                clock_isr
 .text.rtimer_arch_init
                0x0000000000209178        0x2 contiki-sm14z2538pa1.a(rtimer-arch.o)
                0x0000000000209178                rtimer_arch_init
 .text.uart0_isr
                0x000000000020917a        0x6 contiki-sm14z2538pa1.a(uart.o)
                0x000000000020917a                uart0_isr
 .text.uart1_isr
                0x0000000000209180        0x6 contiki-sm14z2538pa1.a(uart.o)
                0x0000000000209180                uart1_isr
 .text.cpu_cpsie
                0x0000000000209186        0x8 contiki-sm14z2538pa1.a(cpu.o)
                0x0000000000209186                cpu_cpsie
 .text.cpu_cpsid
                0x000000000020918e        0x8 contiki-sm14z2538pa1.a(cpu.o)
                0x000000000020918e                cpu_cpsid
 .text.gpio_port_a_isr
                0x0000000000209196        0x6 contiki-sm14z2538pa1.a(gpio.o)
                0x0000000000209196                gpio_port_a_isr
 .text.gpio_port_b_isr
                0x000000000020919c        0x6 contiki-sm14z2538pa1.a(gpio.o)
                0x000000000020919c                gpio_port_b_isr
 .text.gpio_port_c_isr
                0x00000000002091a2        0x6 contiki-sm14z2538pa1.a(gpio.o)
                0x00000000002091a2                gpio_port_c_isr
 .text.gpio_port_d_isr
                0x00000000002091a8        0x6 contiki-sm14z2538pa1.a(gpio.o)
                0x00000000002091a8                gpio_port_d_isr
 .text.send     0x00000000002091ae       0x12 contiki-sm14z2538pa1.a(cc2538-rf.o)
 .text.putchar  0x00000000002091c0       0x10 contiki-sm14z2538pa1.a(dbg.o)
                0x00000000002091c0                putchar
 .text.dbg_send_bytes
                0x00000000002091d0       0x20 contiki-sm14z2538pa1.a(dbg.o)
                0x00000000002091d0                dbg_send_bytes
 .text.puts     0x00000000002091f0       0x20 contiki-sm14z2538pa1.a(dbg.o)
                0x00000000002091f0                puts
 .text.configure
                0x0000000000209210        0x4 contiki-sm14z2538pa1.a(cc2538-temp-sen)
 .text.status   0x0000000000209214        0x4 contiki-sm14z2538pa1.a(cc2538-temp-sen)
 .text.value    0x0000000000209218       0x34 contiki-sm14z2538pa1.a(cc2538-temp-sen)
 .text.configure
                0x000000000020924c        0x4 contiki-sm14z2538pa1.a(vdd3-sensor.o)
 .text.status   0x0000000000209250        0x4 contiki-sm14z2538pa1.a(vdd3-sensor.o)
 .text.value    0x0000000000209254       0x2a contiki-sm14z2538pa1.a(vdd3-sensor.o)
 .text.write_str
                0x000000000020927e       0x10 contiki-sm14z2538pa1.a(dbg-printf.o)
 .text.autostart_start
                0x000000000020928e       0x14 contiki-sm14z2538pa1.a(autostart.o)
                0x000000000020928e                autostart_start
 .text.energest_init
                0x00000000002092a2        0x2 contiki-sm14z2538pa1.a(energest.o)
                0x00000000002092a2                energest_init
 .text.etimer_set
                0x00000000002092a4       0x12 contiki-sm14z2538pa1.a(etimer.o)
                0x00000000002092a4                etimer_set
 .text.etimer_reset
                0x00000000002092b6       0x12 contiki-sm14z2538pa1.a(etimer.o)
                0x00000000002092b6                etimer_reset
 .text.etimer_restart
                0x00000000002092c8       0x12 contiki-sm14z2538pa1.a(etimer.o)
                0x00000000002092c8                etimer_restart
 .text.etimer_expired
                0x00000000002092da        0xa contiki-sm14z2538pa1.a(etimer.o)
                0x00000000002092da                etimer_expired
 .text.etimer_expiration_time
                0x00000000002092e4        0x6 contiki-sm14z2538pa1.a(etimer.o)
                0x00000000002092e4                etimer_expiration_time
 .text.call_process
                0x00000000002092ea        0xc contiki-sm14z2538pa1.a(process.o)
 .text.rtimer_init
                0x00000000002092f6        0x4 contiki-sm14z2538pa1.a(rtimer.o)
                0x00000000002092f6                rtimer_init
 .text.timer_set
                0x00000000002092fa        0xe contiki-sm14z2538pa1.a(timer.o)
                0x00000000002092fa                timer_set
 .text.timer_reset
                0x0000000000209308        0xa contiki-sm14z2538pa1.a(timer.o)
                0x0000000000209308                timer_reset
 .text.timer_restart
                0x0000000000209312        0xc contiki-sm14z2538pa1.a(timer.o)
                0x0000000000209312                timer_restart
 .text.timer_expired
                0x000000000020931e       0x1c contiki-sm14z2538pa1.a(timer.o)
                0x000000000020931e                timer_expired
 .text.list_init
                0x000000000020933a        0x6 contiki-sm14z2538pa1.a(list.o)
                0x000000000020933a                list_init
 .text.list_head
                0x0000000000209340        0x4 contiki-sm14z2538pa1.a(list.o)
                0x0000000000209340                list_head
 .text.list_tail
                0x0000000000209344        0xe contiki-sm14z2538pa1.a(list.o)
                0x0000000000209344                list_tail
 .text.list_remove
                0x0000000000209352       0x2a contiki-sm14z2538pa1.a(list.o)
                0x0000000000209352                list_remove
 .text.list_add
                0x000000000020937c       0x1a contiki-sm14z2538pa1.a(list.o)
                0x000000000020937c                list_add
 .text.list_push
                0x0000000000209396       0x10 contiki-sm14z2538pa1.a(list.o)
                0x0000000000209396                list_push
 .text.list_length
                0x00000000002093a6        0xe contiki-sm14z2538pa1.a(list.o)
                0x00000000002093a6                list_length
 .text.list_item_next
                0x00000000002093b4        0x6 contiki-sm14z2538pa1.a(list.o)
                0x00000000002093b4                list_item_next
 .text.ringbuf_init
                0x00000000002093ba        0xe contiki-sm14z2538pa1.a(ringbuf.o)
                0x00000000002093ba                ringbuf_init
 .text.ringbuf_put
                0x00000000002093c8       0x26 contiki-sm14z2538pa1.a(ringbuf.o)
                0x00000000002093c8                ringbuf_put
 .text.ringbuf_get
                0x00000000002093ee       0x20 contiki-sm14z2538pa1.a(ringbuf.o)
                0x00000000002093ee                ringbuf_get
 .text.uip_ds6_route_next
                0x000000000020940e        0x8 contiki-sm14z2538pa1.a(uip-ds6-route.o)
                0x000000000020940e                uip_ds6_route_next
 .text.rm_routelist_callback
                0x0000000000209416        0x4 contiki-sm14z2538pa1.a(uip-ds6-route.o)
 .text.chksum   0x000000000020941a       0x38 contiki-sm14z2538pa1.a(uip6.o)
 .text.uip_icmp6chksum
                0x0000000000209452        0x6 contiki-sm14z2538pa1.a(uip6.o)
                0x0000000000209452                uip_icmp6chksum
 .text.uip_tcpchksum
                0x0000000000209458        0x6 contiki-sm14z2538pa1.a(uip6.o)
                0x0000000000209458                uip_tcpchksum
 .text.uip_udpchksum
                0x000000000020945e        0x6 contiki-sm14z2538pa1.a(uip6.o)
                0x000000000020945e                uip_udpchksum
 .text.uip_ds6_nbr_ipaddr_from_lladdr
                0x0000000000209464        0x4 contiki-sm14z2538pa1.a(uip-ds6-nbr.o)
                0x0000000000209464                uip_ds6_nbr_ipaddr_from_lladdr
 .text.uip_ds6_nbr_lladdr_from_ipaddr
                0x0000000000209468       0x12 contiki-sm14z2538pa1.a(uip-ds6-nbr.o)
                0x0000000000209468                uip_ds6_nbr_lladdr_from_ipaddr
 .text.ip64_addr_4to6
                0x000000000020947a       0x30 contiki-sm14z2538pa1.a(ip64-addr.o)
                0x000000000020947a                ip64_addr_4to6
 .text.udp_socket_bind
                0x00000000002094aa       0x14 contiki-sm14z2538pa1.a(udp-socket.o)
                0x00000000002094aa                udp_socket_bind
 .text.udp_socket_connect
                0x00000000002094be       0x32 contiki-sm14z2538pa1.a(udp-socket.o)
                0x00000000002094be                udp_socket_connect
 .text.udp_socket_sendto
                0x00000000002094f0       0x24 contiki-sm14z2538pa1.a(udp-socket.o)
                0x00000000002094f0                udp_socket_sendto
 .text.queuebuf_update_attr_from_packetbuf
                0x0000000000209514        0xc contiki-sm14z2538pa1.a(queuebuf.o)
                0x0000000000209514                queuebuf_update_attr_from_packetbuf
 .text.queuebuf_update_from_packetbuf
                0x0000000000209520       0x1c contiki-sm14z2538pa1.a(queuebuf.o)
                0x0000000000209520                queuebuf_update_from_packetbuf
 .text.queuebuf_attr
                0x000000000020953c        0xc contiki-sm14z2538pa1.a(queuebuf.o)
                0x000000000020953c                queuebuf_attr
 .text.item_from_index
                0x0000000000209548       0x14 contiki-sm14z2538pa1.a(nbr-table.o)
 .text.index_from_item
                0x000000000020955c       0x16 contiki-sm14z2538pa1.a(nbr-table.o)
 .text.nbr_set_bit
                0x0000000000209572       0x34 contiki-sm14z2538pa1.a(nbr-table.o)
 .text.nbr_table_get_from_lladdr
                0x00000000002095a6       0x26 contiki-sm14z2538pa1.a(nbr-table.o)
                0x00000000002095a6                nbr_table_get_from_lladdr
 .text.linkaddr_copy
                0x00000000002095cc        0xa contiki-sm14z2538pa1.a(linkaddr.o)
                0x00000000002095cc                linkaddr_copy
 .text.linkaddr_cmp
                0x00000000002095d6       0x10 contiki-sm14z2538pa1.a(linkaddr.o)
                0x00000000002095d6                linkaddr_cmp
 .text.parse    0x00000000002095e6       0x90 contiki-sm14z2538pa1.a(framer-802154.o)
 .text.create   0x0000000000209676        0x6 contiki-sm14z2538pa1.a(framer-802154.o)
 .text.hdr_length
                0x000000000020967c        0x6 contiki-sm14z2538pa1.a(framer-802154.o)
 .text.field_len
                0x0000000000209682       0x66 contiki-sm14z2538pa1.a(frame802154.o)
 .text.frame802154_hdrlen
                0x00000000002096e8       0x2c contiki-sm14z2538pa1.a(frame802154.o)
                0x00000000002096e8                frame802154_hdrlen
 .text.frame802154_create
                0x0000000000209714       0xc6 contiki-sm14z2538pa1.a(frame802154.o)
                0x0000000000209714                frame802154_create
 .text.duty_cycle
                0x00000000002097da        0x4 contiki-sm14z2538pa1.a(contikimac.o)
 .text.qsend_packet
                0x00000000002097de       0x22 contiki-sm14z2538pa1.a(contikimac.o)
 .text.mac_call_sent_callback
                0x0000000000209800       0x18 contiki-sm14z2538pa1.a(mac.o)
                0x0000000000209800                mac_call_sent_callback
 .text.bootstrap
                0x0000000000209818        0x2 contiki-sm14z2538pa1.a(nullsec.o)
 .text.on_frame_created
                0x000000000020981a        0x4 contiki-sm14z2538pa1.a(nullsec.o)
 .text.get_overhead
                0x000000000020981e        0x4 contiki-sm14z2538pa1.a(nullsec.o)
 .text.rpl_remove_routes
                0x0000000000209822       0x1e contiki-sm14z2538pa1.a(rpl.o)
                0x0000000000209822                rpl_remove_routes
 .text.rpl_remove_routes_by_nexthop
                0x0000000000209840       0x36 contiki-sm14z2538pa1.a(rpl.o)
                0x0000000000209840                rpl_remove_routes_by_nexthop
 .text.rpl_add_route
                0x0000000000209876       0x28 contiki-sm14z2538pa1.a(rpl.o)
                0x0000000000209876                rpl_add_route
 .text.check_prefix
                0x000000000020989e       0x58 contiki-sm14z2538pa1.a(rpl-dag.o)
 .text.lollipop_greater_than
                0x00000000002098f6       0x34 contiki-sm14z2538pa1.a(rpl-dag.o)
 .text.rpl_set_prefix
                0x000000000020992a       0x6c contiki-sm14z2538pa1.a(rpl-dag.o)
                0x000000000020992a                rpl_set_prefix
 .text.rpl_set_default_route
                0x0000000000209996       0x38 contiki-sm14z2538pa1.a(rpl-dag.o)
                0x0000000000209996                rpl_set_default_route
 .text.rpl_find_parent
                0x00000000002099ce       0x16 contiki-sm14z2538pa1.a(rpl-dag.o)
                0x00000000002099ce                rpl_find_parent
 .text.rpl_find_parent_any_dag
                0x00000000002099e4       0x1e contiki-sm14z2538pa1.a(rpl-dag.o)
                0x00000000002099e4                rpl_find_parent_any_dag
 .text.rpl_select_dag
                0x0000000000209a02      0x14c contiki-sm14z2538pa1.a(rpl-dag.o)
                0x0000000000209a02                rpl_select_dag
 .text.rpl_nullify_parent
                0x0000000000209b4e       0x48 contiki-sm14z2538pa1.a(rpl-dag.o)
                0x0000000000209b4e                rpl_nullify_parent
 .text.nbr_callback
                0x0000000000209b96        0x4 contiki-sm14z2538pa1.a(rpl-dag.o)
 .text.rpl_move_parent
                0x0000000000209b9a       0x4a contiki-sm14z2538pa1.a(rpl-dag.o)
                0x0000000000209b9a                rpl_move_parent
 .text.rpl_repair_root
                0x0000000000209be4       0x48 contiki-sm14z2538pa1.a(rpl-dag.o)
                0x0000000000209be4                rpl_repair_root
 .text.rpl_alloc_dag
                0x0000000000209c2c       0x48 contiki-sm14z2538pa1.a(rpl-dag.o)
                0x0000000000209c2c                rpl_alloc_dag
 .text.rpl_process_parent_event
                0x0000000000209c74       0x5a contiki-sm14z2538pa1.a(rpl-dag.o)
                0x0000000000209c74                rpl_process_parent_event
 .text.rpl_add_dag
                0x0000000000209cce      0x100 contiki-sm14z2538pa1.a(rpl-dag.o)
                0x0000000000209cce                rpl_add_dag
 .text.rpl_process_dio
                0x0000000000209dce      0x2cc contiki-sm14z2538pa1.a(rpl-dag.o)
                0x0000000000209dce                rpl_process_dio
 .text.get32    0x000000000020a09a       0x18 contiki-sm14z2538pa1.a(rpl-icmp6.o)
 .text.set32    0x000000000020a0b2       0x12 contiki-sm14z2538pa1.a(rpl-icmp6.o)
 .text.get16    0x000000000020a0c4        0xc contiki-sm14z2538pa1.a(rpl-icmp6.o)
 .text.set16    0x000000000020a0d0        0xa contiki-sm14z2538pa1.a(rpl-icmp6.o)
 .text.rpl_reset_dio_timer
                0x000000000020a0da       0x1c contiki-sm14z2538pa1.a(rpl-timers.o)
                0x000000000020a0da                rpl_reset_dio_timer
 .text.rpl_schedule_dao
                0x000000000020a0f6        0x8 contiki-sm14z2538pa1.a(rpl-timers.o)
                0x000000000020a0f6                rpl_schedule_dao
 .text.reset    0x000000000020a0fe        0x2 contiki-sm14z2538pa1.a(rpl-mrhof.o)
 .text.update_metric_container
                0x000000000020a100        0x6 contiki-sm14z2538pa1.a(rpl-mrhof.o)
 .text.calculate_rank
                0x000000000020a106       0x36 contiki-sm14z2538pa1.a(rpl-mrhof.o)
 .text.neighbor_link_callback
                0x000000000020a13c       0x44 contiki-sm14z2538pa1.a(rpl-mrhof.o)
 .text.best_dag
                0x000000000020a180       0x2c contiki-sm14z2538pa1.a(rpl-mrhof.o)
 .text.best_parent
                0x000000000020a1ac       0x5a contiki-sm14z2538pa1.a(rpl-mrhof.o)
 .text.OLED_Display_Off
                0x000000000020a206       0x18 contiki-sm14z2538pa1.a(oled-arch.o)
                0x000000000020a206                OLED_Display_Off
 .text.stimer_set
                0x000000000020a21e        0xe contiki-sm14z2538pa1.a(stimer.o)
                0x000000000020a21e                stimer_set
 .text.memb_init
                0x000000000020a22c       0x20 contiki-sm14z2538pa1.a(memb.o)
                0x000000000020a22c                memb_init
 .text.memb_alloc
                0x000000000020a24c       0x28 contiki-sm14z2538pa1.a(memb.o)
                0x000000000020a24c                memb_alloc
 .text.memb_free
                0x000000000020a274       0x2c contiki-sm14z2538pa1.a(memb.o)
                0x000000000020a274                memb_free
 .text.memb_inmemb
                0x000000000020a2a0       0x1c contiki-sm14z2538pa1.a(memb.o)
                0x000000000020a2a0                memb_inmemb
 .text.memb_numfree
                0x000000000020a2bc       0x1c contiki-sm14z2538pa1.a(memb.o)
                0x000000000020a2bc                memb_numfree
 .text.uip_ds6_list_loop
                0x000000000020a2d8       0x48 contiki-sm14z2538pa1.a(uip-ds6.o)
                0x000000000020a2d8                uip_ds6_list_loop
 .text.uip_ds6_maddr_rm
                0x000000000020a320        0x8 contiki-sm14z2538pa1.a(uip-ds6.o)
                0x000000000020a320                uip_ds6_maddr_rm
 .text.uip_ds6_set_addr_iid
                0x000000000020a328       0x12 contiki-sm14z2538pa1.a(uip-ds6.o)
                0x000000000020a328                uip_ds6_set_addr_iid
 .text.get_match_length
                0x000000000020a33a       0x36 contiki-sm14z2538pa1.a(uip-ds6.o)
                0x000000000020a33a                get_match_length
 .text.uip_udp_packet_sendto
                0x000000000020a370       0x50 contiki-sm14z2538pa1.a(uip-udp-packet.)
                0x000000000020a370                uip_udp_packet_sendto
 *(SORT(.rodata*))
 .rodata.autostart_processes
                0x000000000020a3c0        0x8 udp-unicast.co
                0x000000000020a3c0                autostart_processes
 .rodata.button_down_sensor
                0x000000000020a3c8       0x10 contiki-sm14z2538pa1.a(button-sensor.o)
                0x000000000020a3c8                button_down_sensor
 .rodata.button_left_sensor
                0x000000000020a3d8       0x10 contiki-sm14z2538pa1.a(button-sensor.o)
                0x000000000020a3d8                button_left_sensor
 .rodata.button_right_sensor
                0x000000000020a3e8       0x10 contiki-sm14z2538pa1.a(button-sensor.o)
                0x000000000020a3e8                button_right_sensor
 .rodata.button_select_sensor
                0x000000000020a3f8       0x10 contiki-sm14z2538pa1.a(button-sensor.o)
                0x000000000020a3f8                button_select_sensor
 .rodata.button_up_sensor
                0x000000000020a408       0x10 contiki-sm14z2538pa1.a(button-sensor.o)
                0x000000000020a408                button_up_sensor
 .rodata.als_sensor
                0x000000000020a418       0x10 contiki-sm14z2538pa1.a(als-sensor.o)
                0x000000000020a418                als_sensor
 .rodata.uart_regs
                0x000000000020a428       0x58 contiki-sm14z2538pa1.a(uart.o)
 .rodata.cc2538_rf_driver
                0x000000000020a480       0x38 contiki-sm14z2538pa1.a(cc2538-rf.o)
                0x000000000020a480                cc2538_rf_driver
 .rodata.output_power
                0x000000000020a4b8       0x70 contiki-sm14z2538pa1.a(cc2538-rf.o)
 .rodata.cc2538_temp_sensor
                0x000000000020a528       0x10 contiki-sm14z2538pa1.a(cc2538-temp-sen)
                0x000000000020a528                cc2538_temp_sensor
 .rodata.vdd3_sensor
                0x000000000020a538       0x10 contiki-sm14z2538pa1.a(vdd3-sensor.o)
                0x000000000020a538                vdd3_sensor
 .rodata.sicslowpan_driver
                0x000000000020a548        0xc contiki-sm14z2538pa1.a(sicslowpan.o)
                0x000000000020a548                sicslowpan_driver
 .rodata.framer_802154
                0x000000000020a554       0x10 contiki-sm14z2538pa1.a(framer-802154.o)
                0x000000000020a554                framer_802154
 .rodata.csma_driver
                0x000000000020a564       0x1c contiki-sm14z2538pa1.a(csma.o)
                0x000000000020a564                csma_driver
 .rodata.contikimac_driver
                0x000000000020a580       0x20 contiki-sm14z2538pa1.a(contikimac.o)
                0x000000000020a580                contikimac_driver
 .rodata.nullsec_driver
                0x000000000020a5a0       0x18 contiki-sm14z2538pa1.a(nullsec.o)
                0x000000000020a5a0                nullsec_driver
 .rodata.process_thread_unicast_example_process.str1.1
                0x000000000020a5b8       0x14 udp-unicast.co
 .rodata.receiver.str1.1
                0x000000000020a5cc       0x3c udp-unicast.co
 .rodata.route_callback.str1.1
                0x000000000020a608       0x10 udp-unicast.co
 .rodata.str1.1
                0x000000000020a618       0x23 udp-unicast.co
 .rodata.main.str1.1
                0x000000000020a63b       0x88 contiki-sm14z2538pa1.a(contiki-main.o)
 .rodata.str1.1
                0x000000000020a6c3        0x8 contiki-sm14z2538pa1.a(sensors.o)
 .rodata.str1.1
                0x000000000020a6cb        0x7 contiki-sm14z2538pa1.a(button-sensor.o)
 .rodata.str1.1
                0x000000000020a6d2        0x4 contiki-sm14z2538pa1.a(als-sensor.o)
 .rodata.str1.1
                0x000000000020a6d6       0x11 contiki-sm14z2538pa1.a(cc2538-rf.o)
 .rodata.str1.1
                0x000000000020a6e7       0x14 contiki-sm14z2538pa1.a(cc2538-temp-sen)
 .rodata.str1.1
                0x000000000020a6fb        0x5 contiki-sm14z2538pa1.a(vdd3-sensor.o)
 .rodata.buffer.4187
                0x000000000020a700       0x10 contiki-sm14z2538pa1.a(strformat.o)
 .rodata.buffer.4196
                0x000000000020a710       0x10 contiki-sm14z2538pa1.a(strformat.o)
 .rodata.format_str_v.str1.1
                0x000000000020a720       0x35 contiki-sm14z2538pa1.a(strformat.o)
                                         0x37 (size before relaxing)
 .rodata.str1.1
                0x000000000020a755        0xf contiki-sm14z2538pa1.a(ctimer.o)
 .rodata.str1.1
                0x000000000020a764        0xc contiki-sm14z2538pa1.a(etimer.o)
 .rodata.str1.1
                0x000000000020a770        0xe contiki-sm14z2538pa1.a(serial-line.o)
 .rodata        0x000000000020a77e        0x2 contiki-sm14z2538pa1.a(sicslowpan.o)
 .rodata.llprefix
                0x000000000020a780        0x2 contiki-sm14z2538pa1.a(sicslowpan.o)
                0x000000000020a780                llprefix
 .rodata.str1.1
                0x000000000020a782        0xb contiki-sm14z2538pa1.a(sicslowpan.o)
 .rodata.ttl_values
                0x000000000020a78d        0x4 contiki-sm14z2538pa1.a(sicslowpan.o)
 .rodata.unc_ctxconf
                0x000000000020a791        0x4 contiki-sm14z2538pa1.a(sicslowpan.o)
                0x000000000020a791                unc_ctxconf
 .rodata.unc_llconf
                0x000000000020a795        0x4 contiki-sm14z2538pa1.a(sicslowpan.o)
                0x000000000020a795                unc_llconf
 .rodata.unc_mxconf
                0x000000000020a799        0x4 contiki-sm14z2538pa1.a(sicslowpan.o)
                0x000000000020a799                unc_mxconf
 .rodata.str1.1
                0x000000000020a79d        0xd contiki-sm14z2538pa1.a(tcpip.o)
 .rodata.str1.1
                0x000000000020a7aa       0x13 contiki-sm14z2538pa1.a(udp-socket.o)
 .rodata.uip_debug_ipaddr_print.str1.1
                0x000000000020a7bd       0x15 contiki-sm14z2538pa1.a(uip-debug.o)
 .rodata.linkaddr_null
                0x000000000020a7d2        0x8 contiki-sm14z2538pa1.a(linkaddr.o)
                0x000000000020a7d2                linkaddr_null
 .rodata.str1.1
                0x000000000020a7da        0x5 contiki-sm14z2538pa1.a(csma.o)
 .rodata.str1.1
                0x000000000020a7df        0xb contiki-sm14z2538pa1.a(contikimac.o)
 .rodata.str1.1
                0x000000000020a7ea        0x8 contiki-sm14z2538pa1.a(nullsec.o)
                0x000000000020a7f2                _etext = .

.glue_7         0x000000000020a7f4        0x0
 .glue_7        0x000000000020a7f4        0x0 linker stubs

.glue_7t        0x000000000020a7f4        0x0
 .glue_7t       0x000000000020a7f4        0x0 linker stubs

.vfp11_veneer   0x000000000020a7f4        0x0
 .vfp11_veneer  0x000000000020a7f4        0x0 linker stubs

.v4_bx          0x000000000020a7f4        0x0
 .v4_bx         0x000000000020a7f4        0x0 linker stubs

.iplt           0x000000000020a7f4        0x0
 .iplt          0x000000000020a7f4        0x0 obj_sm14z2538pa1/startup-gcc.o

.socdata        0x0000000020000000       0x40
 *(SORT(.udma_channel_control_table))
 .udma_channel_control_table
                0x0000000020000000       0x40 contiki-sm14z2538pa1.a(udma.o)

.data           0x0000000020000040      0x1ce load address 0x000000000020a7f4
                0x0000000020000040                _data = .
 *(SORT(.data*))
 .data.unicast_example_process
                0x0000000020000040       0x10 udp-unicast.co
                0x0000000020000040                unicast_example_process
 .data.sensors_process
                0x0000000020000050       0x10 contiki-sm14z2538pa1.a(sensors.o)
                0x0000000020000050                sensors_process
 .data.sensors  0x0000000020000060       0x24 contiki-sm14z2538pa1.a(smartrf-sensors)
                0x0000000020000060                sensors
 .data.cc2538_rf_process
                0x0000000020000084       0x10 contiki-sm14z2538pa1.a(cc2538-rf.o)
                0x0000000020000084                cc2538_rf_process
 .data.ctxt     0x0000000020000094        0x8 contiki-sm14z2538pa1.a(dbg-printf.o)
 .data.ctimer_process
                0x000000002000009c       0x10 contiki-sm14z2538pa1.a(ctimer.o)
                0x000000002000009c                ctimer_process
 .data.etimer_process
                0x00000000200000ac       0x10 contiki-sm14z2538pa1.a(etimer.o)
                0x00000000200000ac                etimer_process
 .data.serial_line_process
                0x00000000200000bc       0x10 contiki-sm14z2538pa1.a(serial-line.o)
                0x00000000200000bc                serial_line_process
 .data.defaultroutermemb
                0x00000000200000cc        0xc contiki-sm14z2538pa1.a(uip-ds6-route.o)
 .data.nbr_routes_struct
                0x00000000200000d8       0x10 contiki-sm14z2538pa1.a(uip-ds6-route.o)
 .data.neighborroutememb
                0x00000000200000e8        0xc contiki-sm14z2538pa1.a(uip-ds6-route.o)
 .data.routememb
                0x00000000200000f4        0xc contiki-sm14z2538pa1.a(uip-ds6-route.o)
 .data.ds6_neighbors
                0x0000000020000100        0x4 contiki-sm14z2538pa1.a(uip-ds6-nbr.o)
                0x0000000020000100                ds6_neighbors
 .data.ds6_neighbors_struct
                0x0000000020000104       0x10 contiki-sm14z2538pa1.a(uip-ds6-nbr.o)
 .data.na_input_handler
                0x0000000020000114        0xc contiki-sm14z2538pa1.a(uip-nd6.o)
 .data.ns_input_handler
                0x0000000020000120        0xc contiki-sm14z2538pa1.a(uip-nd6.o)
 .data.tcpip_process
                0x000000002000012c       0x10 contiki-sm14z2538pa1.a(tcpip.o)
                0x000000002000012c                tcpip_process
 .data.udp_socket_process
                0x000000002000013c       0x10 contiki-sm14z2538pa1.a(udp-socket.o)
                0x000000002000013c                udp_socket_process
 .data.bufmem   0x000000002000014c        0xc contiki-sm14z2538pa1.a(queuebuf.o)
 .data.buframmem
                0x0000000020000158        0xc contiki-sm14z2538pa1.a(queuebuf.o)
 .data.neighbor_addr_mem
                0x0000000020000164        0xc contiki-sm14z2538pa1.a(nbr-table.o)
 .data.metadata_memb
                0x0000000020000170        0xc contiki-sm14z2538pa1.a(csma.o)
 .data.neighbor_memb
                0x000000002000017c        0xc contiki-sm14z2538pa1.a(csma.o)
 .data.packet_memb
                0x0000000020000188        0xc contiki-sm14z2538pa1.a(csma.o)
 .data.rpl_parents
                0x0000000020000194        0x4 contiki-sm14z2538pa1.a(rpl-dag.o)
                0x0000000020000194                rpl_parents
 .data.rpl_parents_struct
                0x0000000020000198       0x10 contiki-sm14z2538pa1.a(rpl-dag.o)
 .data.dao_ack_handler
                0x00000000200001a8        0xc contiki-sm14z2538pa1.a(rpl-icmp6.o)
 .data.dao_handler
                0x00000000200001b4        0xc contiki-sm14z2538pa1.a(rpl-icmp6.o)
 .data.dio_handler
                0x00000000200001c0        0xc contiki-sm14z2538pa1.a(rpl-icmp6.o)
 .data.dis_handler
                0x00000000200001cc        0xc contiki-sm14z2538pa1.a(rpl-icmp6.o)
 .data.rpl_mrhof
                0x00000000200001d8       0x1c contiki-sm14z2538pa1.a(rpl-mrhof.o)
                0x00000000200001d8                rpl_mrhof
 .data.echo_reply_handler
                0x00000000200001f4        0xc contiki-sm14z2538pa1.a(uip-icmp6.o)
 .data.echo_request_handler
                0x0000000020000200        0xc contiki-sm14z2538pa1.a(uip-icmp6.o)
 .data.rf_channel
                0x000000002000020c        0x1 contiki-sm14z2538pa1.a(cc2538-rf.o)
 .data.dao_sequence
                0x000000002000020d        0x1 contiki-sm14z2538pa1.a(rpl-icmp6.o)
                0x000000002000020e                _edata = .
                0x000000000020a7f4                _ldata = LOADADDR (.data)

.igot.plt       0x0000000020000210        0x0 load address 0x000000000020a9c2
 .igot.plt      0x0000000020000210        0x0 obj_sm14z2538pa1/startup-gcc.o

.ARM.exidx      0x000000000020a9c4        0x8
 *(SORT(.ARM.exidx*))
 .ARM.exidx     0x000000000020a9c4        0x8 /usr/lib/gcc/arm-none-eabi/6.3.1/thumb/v7-m/libgcc.a(_udivmoddi4.o)

.bss            0x0000000020000210     0x2db7
                0x0000000020000210                _bss = .
 *(SORT(.bss*))
 .bss.rt_ticks_epoch
                0x0000000020000210        0x8 contiki-sm14z2538pa1.a(clock.o)
 .bss.rt_ticks_startup
                0x0000000020000218        0x8 contiki-sm14z2538pa1.a(clock.o)
 .bss.n         0x0000000020000220        0x8 udp-unicast.co
 .bss.periodic_timer
                0x0000000020000228       0x10 udp-unicast.co
 .bss.s         0x0000000020000238       0x10 udp-unicast.co
 .bss.events.4782
                0x0000000020000248        0x4 contiki-sm14z2538pa1.a(sensors.o)
 .bss.i.4781    0x000000002000024c        0x4 contiki-sm14z2538pa1.a(sensors.o)
 .bss.debouncetimer
                0x0000000020000250        0x8 contiki-sm14z2538pa1.a(button-sensor.o)
 .bss.next_trigger
                0x0000000020000258        0x4 contiki-sm14z2538pa1.a(rtimer-arch.o)
 .bss.input_handler
                0x000000002000025c        0x8 contiki-sm14z2538pa1.a(uart.o)
 .bss.interrupt_disable
                0x0000000020000264        0x4 contiki-sm14z2538pa1.a(nvic.o)
 .bss.interrupt_enable
                0x0000000020000268        0x4 contiki-sm14z2538pa1.a(nvic.o)
 .bss.interrupt_pend
                0x000000002000026c        0x4 contiki-sm14z2538pa1.a(nvic.o)
 .bss.interrupt_unpend
                0x0000000020000270        0x4 contiki-sm14z2538pa1.a(nvic.o)
 .bss.gpio_callbacks
                0x0000000020000274       0x80 contiki-sm14z2538pa1.a(gpio.o)
 .bss.ioc_over  0x00000000200002f4        0x4 contiki-sm14z2538pa1.a(ioc.o)
 .bss.ioc_sel   0x00000000200002f8        0x4 contiki-sm14z2538pa1.a(ioc.o)
 .bss.notification_process
                0x00000000200002fc        0x4 contiki-sm14z2538pa1.a(crypto.o)
 .bss.periph_permit_pm1_funcs
                0x0000000020000300        0xc contiki-sm14z2538pa1.a(lpm.o)
 .bss.ctimer_list_list
                0x000000002000030c        0x4 contiki-sm14z2538pa1.a(ctimer.o)
 .bss.next_expiration
                0x0000000020000310        0x4 contiki-sm14z2538pa1.a(etimer.o)
 .bss.timerlist
                0x0000000020000314        0x4 contiki-sm14z2538pa1.a(etimer.o)
 .bss.data.5426
                0x0000000020000318        0x4 contiki-sm14z2538pa1.a(process.o)
 .bss.events    0x000000002000031c      0x180 contiki-sm14z2538pa1.a(process.o)
 .bss.p.5428    0x000000002000049c        0x4 contiki-sm14z2538pa1.a(process.o)
 .bss.process_current
                0x00000000200004a0        0x4 contiki-sm14z2538pa1.a(process.o)
                0x00000000200004a0                process_current
 .bss.process_list
                0x00000000200004a4        0x4 contiki-sm14z2538pa1.a(process.o)
                0x00000000200004a4                process_list
 .bss.next_rtimer
                0x00000000200004a8        0x4 contiki-sm14z2538pa1.a(rtimer.o)
 .bss.ptr.4766  0x00000000200004ac        0x4 contiki-sm14z2538pa1.a(serial-line.o)
 .bss.rxbuf     0x00000000200004b0        0x8 contiki-sm14z2538pa1.a(serial-line.o)
 .bss._nbr_routes_mem
                0x00000000200004b8       0xa0 contiki-sm14z2538pa1.a(uip-ds6-route.o)
 .bss.defaultrouterlist_list
                0x0000000020000558        0x4 contiki-sm14z2538pa1.a(uip-ds6-route.o)
 .bss.defaultroutermemb_memb_mem
                0x000000002000055c       0x40 contiki-sm14z2538pa1.a(uip-ds6-route.o)
 .bss.neighborroutememb_memb_mem
                0x000000002000059c       0xa0 contiki-sm14z2538pa1.a(uip-ds6-route.o)
 .bss.notificationlist_list
                0x000000002000063c        0x4 contiki-sm14z2538pa1.a(uip-ds6-route.o)
 .bss.num_routes
                0x0000000020000640        0x4 contiki-sm14z2538pa1.a(uip-ds6-route.o)
 .bss.routelist_list
                0x0000000020000644        0x4 contiki-sm14z2538pa1.a(uip-ds6-route.o)
 .bss.routememb_memb_mem
                0x0000000020000648      0x320 contiki-sm14z2538pa1.a(uip-ds6-route.o)
 .bss._ds6_neighbors_mem
                0x0000000020000968      0x320 contiki-sm14z2538pa1.a(uip-ds6-nbr.o)
 .bss.addr      0x0000000020000c88        0x4 contiki-sm14z2538pa1.a(uip-nd6.o)
 .bss.nbr       0x0000000020000c8c        0x4 contiki-sm14z2538pa1.a(uip-nd6.o)
 .bss.nd6_opt_llao
                0x0000000020000c90        0x4 contiki-sm14z2538pa1.a(uip-nd6.o)
 .bss.callback  0x0000000020000c94        0x4 contiki-sm14z2538pa1.a(sicslowpan.o)
 .bss.context   0x0000000020000c98        0x4 contiki-sm14z2538pa1.a(sicslowpan.o)
 .bss.hc06_ptr  0x0000000020000c9c        0x4 contiki-sm14z2538pa1.a(sicslowpan.o)
 .bss.last_rssi
                0x0000000020000ca0        0x4 contiki-sm14z2538pa1.a(sicslowpan.o)
 .bss.last_tx_status
                0x0000000020000ca4        0x4 contiki-sm14z2538pa1.a(sicslowpan.o)
 .bss.packetbuf_payload_len
                0x0000000020000ca8        0x4 contiki-sm14z2538pa1.a(sicslowpan.o)
 .bss.packetbuf_ptr
                0x0000000020000cac        0x4 contiki-sm14z2538pa1.a(sicslowpan.o)
 .bss.reass_timer
                0x0000000020000cb0        0x8 contiki-sm14z2538pa1.a(sicslowpan.o)
 .bss.sicslowpan_aligned_buf
                0x0000000020000cb8      0x514 contiki-sm14z2538pa1.a(sicslowpan.o)
 .bss.outputfunc
                0x00000000200011cc        0x4 contiki-sm14z2538pa1.a(tcpip.o)
 .bss.periodic  0x00000000200011d0       0x10 contiki-sm14z2538pa1.a(tcpip.o)
 .bss.s         0x00000000200011e0       0x44 contiki-sm14z2538pa1.a(tcpip.o)
 .bss.bufmem_memb_mem
                0x0000000020001224       0x20 contiki-sm14z2538pa1.a(queuebuf.o)
 .bss.all_tables
                0x0000000020001244       0x20 contiki-sm14z2538pa1.a(nbr-table.o)
 .bss.nbr_table_keys_list
                0x0000000020001264        0x4 contiki-sm14z2538pa1.a(nbr-table.o)
 .bss.neighbor_addr_mem_memb_mem
                0x0000000020001268       0xf0 contiki-sm14z2538pa1.a(nbr-table.o)
 .bss.num_tables
                0x0000000020001358        0x4 contiki-sm14z2538pa1.a(nbr-table.o)
 .bss.packetbuf_aligned
                0x000000002000135c       0xb0 contiki-sm14z2538pa1.a(packetbuf.o)
 .bss.packetbufptr
                0x000000002000140c        0x4 contiki-sm14z2538pa1.a(packetbuf.o)
 .bss.metadata_memb_memb_mem
                0x0000000020001410       0x60 contiki-sm14z2538pa1.a(csma.o)
 .bss.neighbor_list_list
                0x0000000020001470        0x4 contiki-sm14z2538pa1.a(csma.o)
 .bss.neighbor_memb_memb_mem
                0x0000000020001474       0x70 contiki-sm14z2538pa1.a(csma.o)
 .bss.packet_memb_memb_mem
                0x00000000200014e4       0x60 contiki-sm14z2538pa1.a(csma.o)
 .bss.ct.7114   0x0000000020001544       0x20 contiki-sm14z2538pa1.a(contikimac.o)
 .bss.cycle_start
                0x0000000020001564        0x4 contiki-sm14z2538pa1.a(contikimac.o)
 .bss.rt        0x0000000020001568        0xc contiki-sm14z2538pa1.a(contikimac.o)
 .bss.start.7040
                0x0000000020001574        0x4 contiki-sm14z2538pa1.a(contikimac.o)
 .bss.we_are_receiving_burst
                0x0000000020001578        0x4 contiki-sm14z2538pa1.a(contikimac.o)
 .bss._rpl_parents_mem
                0x000000002000157c      0x190 contiki-sm14z2538pa1.a(rpl-dag.o)
 .bss.periodic_timer
                0x000000002000170c       0x20 contiki-sm14z2538pa1.a(rpl-timers.o)
 .bss.echo_reply_callback_list_list
                0x000000002000172c        0x4 contiki-sm14z2538pa1.a(uip-icmp6.o)
 .bss.input_handler_list_list
                0x0000000020001730        0x4 contiki-sm14z2538pa1.a(uip-icmp6.o)
 .bss.locaddr   0x0000000020001734        0x4 contiki-sm14z2538pa1.a(uip-ds6.o)
 .bss.locmaddr  0x0000000020001738        0x4 contiki-sm14z2538pa1.a(uip-ds6.o)
 .bss.locprefix
                0x000000002000173c        0x4 contiki-sm14z2538pa1.a(uip-ds6.o)
 .bss.lastport  0x0000000020001740        0x2 contiki-sm14z2538pa1.a(uip6.o)
 .bss.tmp16     0x0000000020001742        0x2 contiki-sm14z2538pa1.a(uip6.o)
 .bss.my_tag    0x0000000020001744        0x2 contiki-sm14z2538pa1.a(sicslowpan.o)
 .bss.processed_ip_in_len
                0x0000000020001746        0x2 contiki-sm14z2538pa1.a(sicslowpan.o)
 .bss.reass_tag
                0x0000000020001748        0x2 contiki-sm14z2538pa1.a(sicslowpan.o)
 .bss.sicslowpan_len
                0x000000002000174a        0x2 contiki-sm14z2538pa1.a(sicslowpan.o)
 .bss.buframmem_memb_mem
                0x000000002000174c      0x580 contiki-sm14z2538pa1.a(queuebuf.o)
 .bss.buflen    0x0000000020001ccc        0x2 contiki-sm14z2538pa1.a(packetbuf.o)
 .bss.bufptr    0x0000000020001cce        0x2 contiki-sm14z2538pa1.a(packetbuf.o)
 .bss.seqno.6299
                0x0000000020001cd0        0x2 contiki-sm14z2538pa1.a(csma.o)
 .bss.pt        0x0000000020001cd2        0x2 contiki-sm14z2538pa1.a(contikimac.o)
 .bss.next_dis  0x0000000020001cd4        0x2 contiki-sm14z2538pa1.a(rpl-timers.o)
 .bss.tmp_ipaddr
                0x0000000020001cd6       0x10 contiki-sm14z2538pa1.a(uip-icmp6.o)
 .bss.loc_fipaddr
                0x0000000020001ce6       0x10 contiki-sm14z2538pa1.a(uip-ds6.o)
 .bss.i         0x0000000020001cf6        0x1 udp-unicast.co
 .bss.leds      0x0000000020001cf7        0x1 contiki-sm14z2538pa1.a(leds.o)
 .bss.num_sensors
                0x0000000020001cf8        0x1 contiki-sm14z2538pa1.a(sensors.o)
 .bss.rf_flags  0x0000000020001cf9        0x1 contiki-sm14z2538pa1.a(cc2538-rf.o)
 .bss.max_pm    0x0000000020001cfa        0x1 contiki-sm14z2538pa1.a(lpm.o)
 .bss.initialized
                0x0000000020001cfb        0x1 contiki-sm14z2538pa1.a(ctimer.o)
 .bss.ev.5425   0x0000000020001cfc        0x1 contiki-sm14z2538pa1.a(process.o)
 .bss.fevent    0x0000000020001cfd        0x1 contiki-sm14z2538pa1.a(process.o)
 .bss.lastevent
                0x0000000020001cfe        0x1 contiki-sm14z2538pa1.a(process.o)
 .bss.nevents   0x0000000020001cff        0x1 contiki-sm14z2538pa1.a(process.o)
 .bss.poll_requested
                0x0000000020001d00        0x1 contiki-sm14z2538pa1.a(process.o)
 .bss.buf.4765  0x0000000020001d01       0x80 contiki-sm14z2538pa1.a(serial-line.o)
 .bss.overflow.4759
                0x0000000020001d81        0x1 contiki-sm14z2538pa1.a(serial-line.o)
 .bss.rxbuf_data
                0x0000000020001d82       0x80 contiki-sm14z2538pa1.a(serial-line.o)
 .bss.defaultroutermemb_memb_count
                0x0000000020001e02        0x2 contiki-sm14z2538pa1.a(uip-ds6-route.o)
 .bss.neighborroutememb_memb_count
                0x0000000020001e04       0x14 contiki-sm14z2538pa1.a(uip-ds6-route.o)
 .bss.routememb_memb_count
                0x0000000020001e18       0x14 contiki-sm14z2538pa1.a(uip-ds6-route.o)
 .bss.c         0x0000000020001e2c        0x1 contiki-sm14z2538pa1.a(uip6.o)
 .bss.iss       0x0000000020001e2d        0x4 contiki-sm14z2538pa1.a(uip6.o)
 .bss.uip_ext_bitmap
                0x0000000020001e31        0x1 contiki-sm14z2538pa1.a(uip6.o)
                0x0000000020001e31                uip_ext_bitmap
 .bss.uip_ext_len
                0x0000000020001e32        0x1 contiki-sm14z2538pa1.a(uip6.o)
                0x0000000020001e32                uip_ext_len
 .bss.uip_ext_opt_offset
                0x0000000020001e33        0x1 contiki-sm14z2538pa1.a(uip6.o)
                0x0000000020001e33                uip_ext_opt_offset
 .bss.nd6_opt_offset
                0x0000000020001e34        0x1 contiki-sm14z2538pa1.a(uip-nd6.o)
 .bss.addr_contexts
                0x0000000020001e35        0xa contiki-sm14z2538pa1.a(sicslowpan.o)
 .bss.packetbuf_hdr_len
                0x0000000020001e3f        0x1 contiki-sm14z2538pa1.a(sicslowpan.o)
 .bss.uncomp_hdr_len
                0x0000000020001e40        0x1 contiki-sm14z2538pa1.a(sicslowpan.o)
 .bss.i.7846    0x0000000020001e41        0x1 contiki-sm14z2538pa1.a(tcpip.o)
 .bss.i.7890    0x0000000020001e42        0x1 contiki-sm14z2538pa1.a(tcpip.o)
 .bss.i.7902    0x0000000020001e43        0x1 contiki-sm14z2538pa1.a(tcpip.o)
 .bss.buf       0x0000000020001e44      0x514 contiki-sm14z2538pa1.a(udp-socket.o)
 .bss.inited.6810
                0x0000000020002358        0x1 contiki-sm14z2538pa1.a(udp-socket.o)
 .bss.bufmem_memb_count
                0x0000000020002359        0x8 contiki-sm14z2538pa1.a(queuebuf.o)
 .bss.buframmem_memb_count
                0x0000000020002361        0x8 contiki-sm14z2538pa1.a(queuebuf.o)
 .bss.locked_map
                0x0000000020002369       0x14 contiki-sm14z2538pa1.a(nbr-table.o)
 .bss.neighbor_addr_mem_memb_count
                0x000000002000237d       0x14 contiki-sm14z2538pa1.a(nbr-table.o)
 .bss.used_map  0x0000000020002391       0x14 contiki-sm14z2538pa1.a(nbr-table.o)
 .bss.hdrptr    0x00000000200023a5        0x1 contiki-sm14z2538pa1.a(packetbuf.o)
 .bss.initialized
                0x00000000200023a6        0x1 contiki-sm14z2538pa1.a(framer-802154.o)
 .bss.mac_dsn   0x00000000200023a7        0x1 contiki-sm14z2538pa1.a(framer-802154.o)
 .bss.initialized.6298
                0x00000000200023a8        0x1 contiki-sm14z2538pa1.a(csma.o)
 .bss.metadata_memb_memb_count
                0x00000000200023a9        0x8 contiki-sm14z2538pa1.a(csma.o)
 .bss.neighbor_memb_memb_count
                0x00000000200023b1        0x2 contiki-sm14z2538pa1.a(csma.o)
 .bss.packet_memb_memb_count
                0x00000000200023b3        0x8 contiki-sm14z2538pa1.a(csma.o)
 .bss.contikimac_is_on
                0x00000000200023bb        0x1 contiki-sm14z2538pa1.a(contikimac.o)
 .bss.contikimac_keep_radio_on
                0x00000000200023bc        0x1 contiki-sm14z2538pa1.a(contikimac.o)
 .bss.count.7035
                0x00000000200023bd        0x1 contiki-sm14z2538pa1.a(contikimac.o)
 .bss.packet_seen.7034
                0x00000000200023be        0x1 contiki-sm14z2538pa1.a(contikimac.o)
 .bss.periods.7042
                0x00000000200023bf        0x1 contiki-sm14z2538pa1.a(contikimac.o)
 .bss.radio_is_on
                0x00000000200023c0        0x1 contiki-sm14z2538pa1.a(contikimac.o)
 .bss.silence_periods.7041
                0x00000000200023c1        0x1 contiki-sm14z2538pa1.a(contikimac.o)
 .bss.we_are_sending
                0x00000000200023c2        0x1 contiki-sm14z2538pa1.a(contikimac.o)
 .bss.key       0x00000000200023c3       0x10 contiki-sm14z2538pa1.a(netstack-aes.o)
 .bss.key_set   0x00000000200023d3        0x1 contiki-sm14z2538pa1.a(netstack-aes.o)
 .bss.mode      0x00000000200023d4        0x1 contiki-sm14z2538pa1.a(rpl.o)
 .bss.dio_send_ok
                0x00000000200023d5        0x1 contiki-sm14z2538pa1.a(rpl-timers.o)
 .bss.received_seqnos
                0x00000000200023d6       0x90 contiki-sm14z2538pa1.a(mac-sequence.o)
 *(SORT(COMMON))
 *fill*         0x0000000020002466        0x2 
 COMMON         0x0000000020002468      0x878 contiki-sm14z2538pa1.a(uip6.o)
                0x0000000020002468                uip_len
                0x000000002000246c                uip_sappdata
                0x0000000020002470                uip_acc32
                0x0000000020002474                uip_lladdr
                0x000000002000247c                uip_aligned_buf
                0x0000000020002990                uip_flags
                0x0000000020002994                uip_next_hdr
                0x0000000020002998                uip_udp_conn
                0x000000002000299c                uip_appdata
                0x00000000200029a0                uip_conn
                0x00000000200029a4                uip_conns
                0x0000000020002b84                uip_icmp6_conns
                0x0000000020002b8c                uip_listenports
                0x0000000020002b9c                uip_slen
                0x0000000020002ba0                uip_udp_conns
 COMMON         0x0000000020002ce0      0x128 contiki-sm14z2538pa1.a(rpl-dag.o)
                0x0000000020002ce0                default_instance
                0x0000000020002ce4                instance_table
 COMMON         0x0000000020002e08      0x174 contiki-sm14z2538pa1.a(uip-ds6.o)
                0x0000000020002e08                uip_ds6_timer_ra
                0x0000000020002e10                uip_ds6_if